21:12:12 **** Build of configuration Debug for project mtk3bsp_nucleo_stm32h723 ****
make -j12 all 
arm-none-eabi-gcc "../lib/libtm/sysdepend/rsk_rz65n/tm_com.c" -mcpu=cortex-m7 -std=gnu99 -g3 -D_NUCLEO_H723_ -c -I"/home/sota/project/stm_mtk3/config" -I"/home/sota/project/stm_mtk3/include" -I"/home/sota/project/stm_mtk3/kernel/knlinc" -O0 -ffunction-sections -fdata-sections -Wall -fstack-usage -fcyclomatic-complexity -MMD -MP -MF"lib/libtm/sysdepend/rsk_rz65n/tm_com.d" -MT"lib/libtm/sysdepend/rsk_rz65n/tm_com.o" --specs=nano.specs -mfpu=fpv5-d16 -mfloat-abi=soft -mthumb -o "lib/libtm/sysdepend/rsk_rz65n/tm_com.o"
arm-none-eabi-gcc "../lib/libtm/sysdepend/pico_rp2040/tm_com.c" -mcpu=cortex-m7 -std=gnu99 -g3 -D_NUCLEO_H723_ -c -I"/home/sota/project/stm_mtk3/config" -I"/home/sota/project/stm_mtk3/include" -I"/home/sota/project/stm_mtk3/kernel/knlinc" -O0 -ffunction-sections -fdata-sections -Wall -fstack-usage -fcyclomatic-complexity -MMD -MP -MF"lib/libtm/sysdepend/pico_rp2040/tm_com.d" -MT"lib/libtm/sysdepend/pico_rp2040/tm_com.o" --specs=nano.specs -mfpu=fpv5-d16 -mfloat-abi=soft -mthumb -o "lib/libtm/sysdepend/pico_rp2040/tm_com.o"
arm-none-eabi-gcc "../lib/libtm/sysdepend/nucleo_l476/tm_com.c" -mcpu=cortex-m7 -std=gnu99 -g3 -D_NUCLEO_H723_ -c -I"/home/sota/project/stm_mtk3/config" -I"/home/sota/project/stm_mtk3/include" -I"/home/sota/project/stm_mtk3/kernel/knlinc" -O0 -ffunction-sections -fdata-sections -Wall -fstack-usage -fcyclomatic-complexity -MMD -MP -MF"lib/libtm/sysdepend/nucleo_l476/tm_com.d" -MT"lib/libtm/sysdepend/nucleo_l476/tm_com.o" --specs=nano.specs -mfpu=fpv5-d16 -mfloat-abi=soft -mthumb -o "lib/libtm/sysdepend/nucleo_l476/tm_com.o"
arm-none-eabi-gcc "../lib/libtm/sysdepend/nucleo_h723/tm_com.c" -mcpu=cortex-m7 -std=gnu99 -g3 -D_NUCLEO_H723_ -c -I"/home/sota/project/stm_mtk3/config" -I"/home/sota/project/stm_mtk3/include" -I"/home/sota/project/stm_mtk3/kernel/knlinc" -O0 -ffunction-sections -fdata-sections -Wall -fstack-usage -fcyclomatic-complexity -MMD -MP -MF"lib/libtm/sysdepend/nucleo_h723/tm_com.d" -MT"lib/libtm/sysdepend/nucleo_h723/tm_com.o" --specs=nano.specs -mfpu=fpv5-d16 -mfloat-abi=soft -mthumb -o "lib/libtm/sysdepend/nucleo_h723/tm_com.o"
arm-none-eabi-gcc "../lib/libtm/sysdepend/no_device/tm_com.c" -mcpu=cortex-m7 -std=gnu99 -g3 -D_NUCLEO_H723_ -c -I"/home/sota/project/stm_mtk3/config" -I"/home/sota/project/stm_mtk3/include" -I"/home/sota/project/stm_mtk3/kernel/knlinc" -O0 -ffunction-sections -fdata-sections -Wall -fstack-usage -fcyclomatic-complexity -MMD -MP -MF"lib/libtm/sysdepend/no_device/tm_com.d" -MT"lib/libtm/sysdepend/no_device/tm_com.o" --specs=nano.specs -mfpu=fpv5-d16 -mfloat-abi=soft -mthumb -o "lib/libtm/sysdepend/no_device/tm_com.o"
arm-none-eabi-gcc "../lib/libtm/sysdepend/iote_stm32l4/tm_com.c" -mcpu=cortex-m7 -std=gnu99 -g3 -D_NUCLEO_H723_ -c -I"/home/sota/project/stm_mtk3/config" -I"/home/sota/project/stm_mtk3/include" -I"/home/sota/project/stm_mtk3/kernel/knlinc" -O0 -ffunction-sections -fdata-sections -Wall -fstack-usage -fcyclomatic-complexity -MMD -MP -MF"lib/libtm/sysdepend/iote_stm32l4/tm_com.d" -MT"lib/libtm/sysdepend/iote_stm32l4/tm_com.o" --specs=nano.specs -mfpu=fpv5-d16 -mfloat-abi=soft -mthumb -o "lib/libtm/sysdepend/iote_stm32l4/tm_com.o"
arm-none-eabi-gcc "../lib/libtm/sysdepend/iote_rza2m/tm_com.c" -mcpu=cortex-m7 -std=gnu99 -g3 -D_NUCLEO_H723_ -c -I"/home/sota/project/stm_mtk3/config" -I"/home/sota/project/stm_mtk3/include" -I"/home/sota/project/stm_mtk3/kernel/knlinc" -O0 -ffunction-sections -fdata-sections -Wall -fstack-usage -fcyclomatic-complexity -MMD -MP -MF"lib/libtm/sysdepend/iote_rza2m/tm_com.d" -MT"lib/libtm/sysdepend/iote_rza2m/tm_com.o" --specs=nano.specs -mfpu=fpv5-d16 -mfloat-abi=soft -mthumb -o "lib/libtm/sysdepend/iote_rza2m/tm_com.o"
arm-none-eabi-gcc "../lib/libtm/sysdepend/iote_rx231/tm_com.c" -mcpu=cortex-m7 -std=gnu99 -g3 -D_NUCLEO_H723_ -c -I"/home/sota/project/stm_mtk3/config" -I"/home/sota/project/stm_mtk3/include" -I"/home/sota/project/stm_mtk3/kernel/knlinc" -O0 -ffunction-sections -fdata-sections -Wall -fstack-usage -fcyclomatic-complexity -MMD -MP -MF"lib/libtm/sysdepend/iote_rx231/tm_com.d" -MT"lib/libtm/sysdepend/iote_rx231/tm_com.o" --specs=nano.specs -mfpu=fpv5-d16 -mfloat-abi=soft -mthumb -o "lib/libtm/sysdepend/iote_rx231/tm_com.o"
arm-none-eabi-gcc "../lib/libtm/sysdepend/iote_m367/tm_com.c" -mcpu=cortex-m7 -std=gnu99 -g3 -D_NUCLEO_H723_ -c -I"/home/sota/project/stm_mtk3/config" -I"/home/sota/project/stm_mtk3/include" -I"/home/sota/project/stm_mtk3/kernel/knlinc" -O0 -ffunction-sections -fdata-sections -Wall -fstack-usage -fcyclomatic-complexity -MMD -MP -MF"lib/libtm/sysdepend/iote_m367/tm_com.d" -MT"lib/libtm/sysdepend/iote_m367/tm_com.o" --specs=nano.specs -mfpu=fpv5-d16 -mfloat-abi=soft -mthumb -o "lib/libtm/sysdepend/iote_m367/tm_com.o"
arm-none-eabi-gcc "../lib/libtm/libtm.c" -mcpu=cortex-m7 -std=gnu99 -g3 -D_NUCLEO_H723_ -c -I"/home/sota/project/stm_mtk3/config" -I"/home/sota/project/stm_mtk3/include" -I"/home/sota/project/stm_mtk3/kernel/knlinc" -O0 -ffunction-sections -fdata-sections -Wall -fstack-usage -fcyclomatic-complexity -MMD -MP -MF"lib/libtm/libtm.d" -MT"lib/libtm/libtm.o" --specs=nano.specs -mfpu=fpv5-d16 -mfloat-abi=soft -mthumb -o "lib/libtm/libtm.o"
arm-none-eabi-gcc "../lib/libtm/libtm_printf.c" -mcpu=cortex-m7 -std=gnu99 -g3 -D_NUCLEO_H723_ -c -I"/home/sota/project/stm_mtk3/config" -I"/home/sota/project/stm_mtk3/include" -I"/home/sota/project/stm_mtk3/kernel/knlinc" -O0 -ffunction-sections -fdata-sections -Wall -fstack-usage -fcyclomatic-complexity -MMD -MP -MF"lib/libtm/libtm_printf.d" -MT"lib/libtm/libtm_printf.o" --specs=nano.specs -mfpu=fpv5-d16 -mfloat-abi=soft -mthumb -o "lib/libtm/libtm_printf.o"
arm-none-eabi-gcc "../lib/libtk/sysdepend/cpu/tx03_m367/int_m367.c" -mcpu=cortex-m7 -std=gnu99 -g3 -D_NUCLEO_H723_ -c -I"/home/sota/project/stm_mtk3/config" -I"/home/sota/project/stm_mtk3/include" -I"/home/sota/project/stm_mtk3/kernel/knlinc" -O0 -ffunction-sections -fdata-sections -Wall -fstack-usage -fcyclomatic-complexity -MMD -MP -MF"lib/libtk/sysdepend/cpu/tx03_m367/int_m367.d" -MT"lib/libtk/sysdepend/cpu/tx03_m367/int_m367.o" --specs=nano.specs -mfpu=fpv5-d16 -mfloat-abi=soft -mthumb -o "lib/libtk/sysdepend/cpu/tx03_m367/int_m367.o"
arm-none-eabi-gcc "../lib/libtk/sysdepend/cpu/tx03_m367/ptimer_m367.c" -mcpu=cortex-m7 -std=gnu99 -g3 -D_NUCLEO_H723_ -c -I"/home/sota/project/stm_mtk3/config" -I"/home/sota/project/stm_mtk3/include" -I"/home/sota/project/stm_mtk3/kernel/knlinc" -O0 -ffunction-sections -fdata-sections -Wall -fstack-usage -fcyclomatic-complexity -MMD -MP -MF"lib/libtk/sysdepend/cpu/tx03_m367/ptimer_m367.d" -MT"lib/libtk/sysdepend/cpu/tx03_m367/ptimer_m367.o" --specs=nano.specs -mfpu=fpv5-d16 -mfloat-abi=soft -mthumb -o "lib/libtk/sysdepend/cpu/tx03_m367/ptimer_m367.o"
arm-none-eabi-gcc "../lib/libtk/sysdepend/cpu/stm32l4/int_stm32l4.c" -mcpu=cortex-m7 -std=gnu99 -g3 -D_NUCLEO_H723_ -c -I"/home/sota/project/stm_mtk3/config" -I"/home/sota/project/stm_mtk3/include" -I"/home/sota/project/stm_mtk3/kernel/knlinc" -O0 -ffunction-sections -fdata-sections -Wall -fstack-usage -fcyclomatic-complexity -MMD -MP -MF"lib/libtk/sysdepend/cpu/stm32l4/int_stm32l4.d" -MT"lib/libtk/sysdepend/cpu/stm32l4/int_stm32l4.o" --specs=nano.specs -mfpu=fpv5-d16 -mfloat-abi=soft -mthumb -o "lib/libtk/sysdepend/cpu/stm32l4/int_stm32l4.o"
arm-none-eabi-gcc "../lib/libtk/sysdepend/cpu/stm32l4/ptimer_stm32l4.c" -mcpu=cortex-m7 -std=gnu99 -g3 -D_NUCLEO_H723_ -c -I"/home/sota/project/stm_mtk3/config" -I"/home/sota/project/stm_mtk3/include" -I"/home/sota/project/stm_mtk3/kernel/knlinc" -O0 -ffunction-sections -fdata-sections -Wall -fstack-usage -fcyclomatic-complexity -MMD -MP -MF"lib/libtk/sysdepend/cpu/stm32l4/ptimer_stm32l4.d" -MT"lib/libtk/sysdepend/cpu/stm32l4/ptimer_stm32l4.o" --specs=nano.specs -mfpu=fpv5-d16 -mfloat-abi=soft -mthumb -o "lib/libtk/sysdepend/cpu/stm32l4/ptimer_stm32l4.o"
arm-none-eabi-gcc "../lib/libtk/sysdepend/cpu/stm32h7/int_stm32h7.c" -mcpu=cortex-m7 -std=gnu99 -g3 -D_NUCLEO_H723_ -c -I"/home/sota/project/stm_mtk3/config" -I"/home/sota/project/stm_mtk3/include" -I"/home/sota/project/stm_mtk3/kernel/knlinc" -O0 -ffunction-sections -fdata-sections -Wall -fstack-usage -fcyclomatic-complexity -MMD -MP -MF"lib/libtk/sysdepend/cpu/stm32h7/int_stm32h7.d" -MT"lib/libtk/sysdepend/cpu/stm32h7/int_stm32h7.o" --specs=nano.specs -mfpu=fpv5-d16 -mfloat-abi=soft -mthumb -o "lib/libtk/sysdepend/cpu/stm32h7/int_stm32h7.o"
arm-none-eabi-gcc "../lib/libtk/sysdepend/cpu/stm32h7/ptimer_stm32h7.c" -mcpu=cortex-m7 -std=gnu99 -g3 -D_NUCLEO_H723_ -c -I"/home/sota/project/stm_mtk3/config" -I"/home/sota/project/stm_mtk3/include" -I"/home/sota/project/stm_mtk3/kernel/knlinc" -O0 -ffunction-sections -fdata-sections -Wall -fstack-usage -fcyclomatic-complexity -MMD -MP -MF"lib/libtk/sysdepend/cpu/stm32h7/ptimer_stm32h7.d" -MT"lib/libtk/sysdepend/cpu/stm32h7/ptimer_stm32h7.o" --specs=nano.specs -mfpu=fpv5-d16 -mfloat-abi=soft -mthumb -o "lib/libtk/sysdepend/cpu/stm32h7/ptimer_stm32h7.o"
arm-none-eabi-gcc "../lib/libtk/sysdepend/cpu/rza2m/ptimer_rza2m.c" -mcpu=cortex-m7 -std=gnu99 -g3 -D_NUCLEO_H723_ -c -I"/home/sota/project/stm_mtk3/config" -I"/home/sota/project/stm_mtk3/include" -I"/home/sota/project/stm_mtk3/kernel/knlinc" -O0 -ffunction-sections -fdata-sections -Wall -fstack-usage -fcyclomatic-complexity -MMD -MP -MF"lib/libtk/sysdepend/cpu/rza2m/ptimer_rza2m.d" -MT"lib/libtk/sysdepend/cpu/rza2m/ptimer_rza2m.o" --specs=nano.specs -mfpu=fpv5-d16 -mfloat-abi=soft -mthumb -o "lib/libtk/sysdepend/cpu/rza2m/ptimer_rza2m.o"
arm-none-eabi-gcc "../lib/libtk/sysdepend/cpu/rx65n/int_rx65n.c" -mcpu=cortex-m7 -std=gnu99 -g3 -D_NUCLEO_H723_ -c -I"/home/sota/project/stm_mtk3/config" -I"/home/sota/project/stm_mtk3/include" -I"/home/sota/project/stm_mtk3/kernel/knlinc" -O0 -ffunction-sections -fdata-sections -Wall -fstack-usage -fcyclomatic-complexity -MMD -MP -MF"lib/libtk/sysdepend/cpu/rx65n/int_rx65n.d" -MT"lib/libtk/sysdepend/cpu/rx65n/int_rx65n.o" --specs=nano.specs -mfpu=fpv5-d16 -mfloat-abi=soft -mthumb -o "lib/libtk/sysdepend/cpu/rx65n/int_rx65n.o"
arm-none-eabi-gcc "../lib/libtk/sysdepend/cpu/rx65n/ipr_rx65n.c" -mcpu=cortex-m7 -std=gnu99 -g3 -D_NUCLEO_H723_ -c -I"/home/sota/project/stm_mtk3/config" -I"/home/sota/project/stm_mtk3/include" -I"/home/sota/project/stm_mtk3/kernel/knlinc" -O0 -ffunction-sections -fdata-sections -Wall -fstack-usage -fcyclomatic-complexity -MMD -MP -MF"lib/libtk/sysdepend/cpu/rx65n/ipr_rx65n.d" -MT"lib/libtk/sysdepend/cpu/rx65n/ipr_rx65n.o" --specs=nano.specs -mfpu=fpv5-d16 -mfloat-abi=soft -mthumb -o "lib/libtk/sysdepend/cpu/rx65n/ipr_rx65n.o"
arm-none-eabi-gcc "../lib/libtk/sysdepend/cpu/rx65n/ptimer_rx65n.c" -mcpu=cortex-m7 -std=gnu99 -g3 -D_NUCLEO_H723_ -c -I"/home/sota/project/stm_mtk3/config" -I"/home/sota/project/stm_mtk3/include" -I"/home/sota/project/stm_mtk3/kernel/knlinc" -O0 -ffunction-sections -fdata-sections -Wall -fstack-usage -fcyclomatic-complexity -MMD -MP -MF"lib/libtk/sysdepend/cpu/rx65n/ptimer_rx65n.d" -MT"lib/libtk/sysdepend/cpu/rx65n/ptimer_rx65n.o" --specs=nano.specs -mfpu=fpv5-d16 -mfloat-abi=soft -mthumb -o "lib/libtk/sysdepend/cpu/rx65n/ptimer_rx65n.o"
arm-none-eabi-gcc "../lib/libtk/sysdepend/cpu/rx231/int_rx231.c" -mcpu=cortex-m7 -std=gnu99 -g3 -D_NUCLEO_H723_ -c -I"/home/sota/project/stm_mtk3/config" -I"/home/sota/project/stm_mtk3/include" -I"/home/sota/project/stm_mtk3/kernel/knlinc" -O0 -ffunction-sections -fdata-sections -Wall -fstack-usage -fcyclomatic-complexity -MMD -MP -MF"lib/libtk/sysdepend/cpu/rx231/int_rx231.d" -MT"lib/libtk/sysdepend/cpu/rx231/int_rx231.o" --specs=nano.specs -mfpu=fpv5-d16 -mfloat-abi=soft -mthumb -o "lib/libtk/sysdepend/cpu/rx231/int_rx231.o"
arm-none-eabi-gcc "../lib/libtk/sysdepend/cpu/rx231/ipr_rx231.c" -mcpu=cortex-m7 -std=gnu99 -g3 -D_NUCLEO_H723_ -c -I"/home/sota/project/stm_mtk3/config" -I"/home/sota/project/stm_mtk3/include" -I"/home/sota/project/stm_mtk3/kernel/knlinc" -O0 -ffunction-sections -fdata-sections -Wall -fstack-usage -fcyclomatic-complexity -MMD -MP -MF"lib/libtk/sysdepend/cpu/rx231/ipr_rx231.d" -MT"lib/libtk/sysdepend/cpu/rx231/ipr_rx231.o" --specs=nano.specs -mfpu=fpv5-d16 -mfloat-abi=soft -mthumb -o "lib/libtk/sysdepend/cpu/rx231/ipr_rx231.o"
arm-none-eabi-gcc "../lib/libtk/sysdepend/cpu/rx231/ptimer_rx231.c" -mcpu=cortex-m7 -std=gnu99 -g3 -D_NUCLEO_H723_ -c -I"/home/sota/project/stm_mtk3/config" -I"/home/sota/project/stm_mtk3/include" -I"/home/sota/project/stm_mtk3/kernel/knlinc" -O0 -ffunction-sections -fdata-sections -Wall -fstack-usage -fcyclomatic-complexity -MMD -MP -MF"lib/libtk/sysdepend/cpu/rx231/ptimer_rx231.d" -MT"lib/libtk/sysdepend/cpu/rx231/ptimer_rx231.o" --specs=nano.specs -mfpu=fpv5-d16 -mfloat-abi=soft -mthumb -o "lib/libtk/sysdepend/cpu/rx231/ptimer_rx231.o"
arm-none-eabi-gcc "../lib/libtk/sysdepend/cpu/rp2040/int_rp2040.c" -mcpu=cortex-m7 -std=gnu99 -g3 -D_NUCLEO_H723_ -c -I"/home/sota/project/stm_mtk3/config" -I"/home/sota/project/stm_mtk3/include" -I"/home/sota/project/stm_mtk3/kernel/knlinc" -O0 -ffunction-sections -fdata-sections -Wall -fstack-usage -fcyclomatic-complexity -MMD -MP -MF"lib/libtk/sysdepend/cpu/rp2040/int_rp2040.d" -MT"lib/libtk/sysdepend/cpu/rp2040/int_rp2040.o" --specs=nano.specs -mfpu=fpv5-d16 -mfloat-abi=soft -mthumb -o "lib/libtk/sysdepend/cpu/rp2040/int_rp2040.o"
arm-none-eabi-gcc "../lib/libtk/sysdepend/cpu/rp2040/ptimer_rp2040.c" -mcpu=cortex-m7 -std=gnu99 -g3 -D_NUCLEO_H723_ -c -I"/home/sota/project/stm_mtk3/config" -I"/home/sota/project/stm_mtk3/include" -I"/home/sota/project/stm_mtk3/kernel/knlinc" -O0 -ffunction-sections -fdata-sections -Wall -fstack-usage -fcyclomatic-complexity -MMD -MP -MF"lib/libtk/sysdepend/cpu/rp2040/ptimer_rp2040.d" -MT"lib/libtk/sysdepend/cpu/rp2040/ptimer_rp2040.o" --specs=nano.specs -mfpu=fpv5-d16 -mfloat-abi=soft -mthumb -o "lib/libtk/sysdepend/cpu/rp2040/ptimer_rp2040.o"
arm-none-eabi-gcc "../lib/libtk/sysdepend/cpu/core/rxv2/int_rxv2.c" -mcpu=cortex-m7 -std=gnu99 -g3 -D_NUCLEO_H723_ -c -I"/home/sota/project/stm_mtk3/config" -I"/home/sota/project/stm_mtk3/include" -I"/home/sota/project/stm_mtk3/kernel/knlinc" -O0 -ffunction-sections -fdata-sections -Wall -fstack-usage -fcyclomatic-complexity -MMD -MP -MF"lib/libtk/sysdepend/cpu/core/rxv2/int_rxv2.d" -MT"lib/libtk/sysdepend/cpu/core/rxv2/int_rxv2.o" --specs=nano.specs -mfpu=fpv5-d16 -mfloat-abi=soft -mthumb -o "lib/libtk/sysdepend/cpu/core/rxv2/int_rxv2.o"
arm-none-eabi-gcc "../lib/libtk/sysdepend/cpu/core/rxv2/wusec_rvx2.c" -mcpu=cortex-m7 -std=gnu99 -g3 -D_NUCLEO_H723_ -c -I"/home/sota/project/stm_mtk3/config" -I"/home/sota/project/stm_mtk3/include" -I"/home/sota/project/stm_mtk3/kernel/knlinc" -O0 -ffunction-sections -fdata-sections -Wall -fstack-usage -fcyclomatic-complexity -MMD -MP -MF"lib/libtk/sysdepend/cpu/core/rxv2/wusec_rvx2.d" -MT"lib/libtk/sysdepend/cpu/core/rxv2/wusec_rvx2.o" --specs=nano.specs -mfpu=fpv5-d16 -mfloat-abi=soft -mthumb -o "lib/libtk/sysdepend/cpu/core/rxv2/wusec_rvx2.o"
arm-none-eabi-gcc "../lib/libtk/sysdepend/cpu/core/armv7m/int_armv7m.c" -mcpu=cortex-m7 -std=gnu99 -g3 -D_NUCLEO_H723_ -c -I"/home/sota/project/stm_mtk3/config" -I"/home/sota/project/stm_mtk3/include" -I"/home/sota/project/stm_mtk3/kernel/knlinc" -O0 -ffunction-sections -fdata-sections -Wall -fstack-usage -fcyclomatic-complexity -MMD -MP -MF"lib/libtk/sysdepend/cpu/core/armv7m/int_armv7m.d" -MT"lib/libtk/sysdepend/cpu/core/armv7m/int_armv7m.o" --specs=nano.specs -mfpu=fpv5-d16 -mfloat-abi=soft -mthumb -o "lib/libtk/sysdepend/cpu/core/armv7m/int_armv7m.o"
arm-none-eabi-gcc "../lib/libtk/sysdepend/cpu/core/armv7m/wusec_armv7m.c" -mcpu=cortex-m7 -std=gnu99 -g3 -D_NUCLEO_H723_ -c -I"/home/sota/project/stm_mtk3/config" -I"/home/sota/project/stm_mtk3/include" -I"/home/sota/project/stm_mtk3/kernel/knlinc" -O0 -ffunction-sections -fdata-sections -Wall -fstack-usage -fcyclomatic-complexity -MMD -MP -MF"lib/libtk/sysdepend/cpu/core/armv7m/wusec_armv7m.d" -MT"lib/libtk/sysdepend/cpu/core/armv7m/wusec_armv7m.o" --specs=nano.specs -mfpu=fpv5-d16 -mfloat-abi=soft -mthumb -o "lib/libtk/sysdepend/cpu/core/armv7m/wusec_armv7m.o"
arm-none-eabi-gcc "../lib/libtk/sysdepend/cpu/core/armv7a/int_armv7a.c" -mcpu=cortex-m7 -std=gnu99 -g3 -D_NUCLEO_H723_ -c -I"/home/sota/project/stm_mtk3/config" -I"/home/sota/project/stm_mtk3/include" -I"/home/sota/project/stm_mtk3/kernel/knlinc" -O0 -ffunction-sections -fdata-sections -Wall -fstack-usage -fcyclomatic-complexity -MMD -MP -MF"lib/libtk/sysdepend/cpu/core/armv7a/int_armv7a.d" -MT"lib/libtk/sysdepend/cpu/core/armv7a/int_armv7a.o" --specs=nano.specs -mfpu=fpv5-d16 -mfloat-abi=soft -mthumb -o "lib/libtk/sysdepend/cpu/core/armv7a/int_armv7a.o"
arm-none-eabi-gcc "../lib/libtk/sysdepend/cpu/core/armv7a/wusec_armv7a.c" -mcpu=cortex-m7 -std=gnu99 -g3 -D_NUCLEO_H723_ -c -I"/home/sota/project/stm_mtk3/config" -I"/home/sota/project/stm_mtk3/include" -I"/home/sota/project/stm_mtk3/kernel/knlinc" -O0 -ffunction-sections -fdata-sections -Wall -fstack-usage -fcyclomatic-complexity -MMD -MP -MF"lib/libtk/sysdepend/cpu/core/armv7a/wusec_armv7a.d" -MT"lib/libtk/sysdepend/cpu/core/armv7a/wusec_armv7a.o" --specs=nano.specs -mfpu=fpv5-d16 -mfloat-abi=soft -mthumb -o "lib/libtk/sysdepend/cpu/core/armv7a/wusec_armv7a.o"
arm-none-eabi-gcc "../lib/libtk/sysdepend/cpu/core/armv6m/int_armv6m.c" -mcpu=cortex-m7 -std=gnu99 -g3 -D_NUCLEO_H723_ -c -I"/home/sota/project/stm_mtk3/config" -I"/home/sota/project/stm_mtk3/include" -I"/home/sota/project/stm_mtk3/kernel/knlinc" -O0 -ffunction-sections -fdata-sections -Wall -fstack-usage -fcyclomatic-complexity -MMD -MP -MF"lib/libtk/sysdepend/cpu/core/armv6m/int_armv6m.d" -MT"lib/libtk/sysdepend/cpu/core/armv6m/int_armv6m.o" --specs=nano.specs -mfpu=fpv5-d16 -mfloat-abi=soft -mthumb -o "lib/libtk/sysdepend/cpu/core/armv6m/int_armv6m.o"
arm-none-eabi-gcc "../lib/libtk/sysdepend/cpu/core/armv6m/wusec_armv6m.c" -mcpu=cortex-m7 -std=gnu99 -g3 -D_NUCLEO_H723_ -c -I"/home/sota/project/stm_mtk3/config" -I"/home/sota/project/stm_mtk3/include" -I"/home/sota/project/stm_mtk3/kernel/knlinc" -O0 -ffunction-sections -fdata-sections -Wall -fstack-usage -fcyclomatic-complexity -MMD -MP -MF"lib/libtk/sysdepend/cpu/core/armv6m/wusec_armv6m.d" -MT"lib/libtk/sysdepend/cpu/core/armv6m/wusec_armv6m.o" --specs=nano.specs -mfpu=fpv5-d16 -mfloat-abi=soft -mthumb -o "lib/libtk/sysdepend/cpu/core/armv6m/wusec_armv6m.o"
arm-none-eabi-gcc "../lib/libtk/fastlock.c" -mcpu=cortex-m7 -std=gnu99 -g3 -D_NUCLEO_H723_ -c -I"/home/sota/project/stm_mtk3/config" -I"/home/sota/project/stm_mtk3/include" -I"/home/sota/project/stm_mtk3/kernel/knlinc" -O0 -ffunction-sections -fdata-sections -Wall -fstack-usage -fcyclomatic-complexity -MMD -MP -MF"lib/libtk/fastlock.d" -MT"lib/libtk/fastlock.o" --specs=nano.specs -mfpu=fpv5-d16 -mfloat-abi=soft -mthumb -o "lib/libtk/fastlock.o"
arm-none-eabi-gcc "../lib/libtk/fastmlock.c" -mcpu=cortex-m7 -std=gnu99 -g3 -D_NUCLEO_H723_ -c -I"/home/sota/project/stm_mtk3/config" -I"/home/sota/project/stm_mtk3/include" -I"/home/sota/project/stm_mtk3/kernel/knlinc" -O0 -ffunction-sections -fdata-sections -Wall -fstack-usage -fcyclomatic-complexity -MMD -MP -MF"lib/libtk/fastmlock.d" -MT"lib/libtk/fastmlock.o" --specs=nano.specs -mfpu=fpv5-d16 -mfloat-abi=soft -mthumb -o "lib/libtk/fastmlock.o"
arm-none-eabi-gcc "../lib/libtk/kmalloc.c" -mcpu=cortex-m7 -std=gnu99 -g3 -D_NUCLEO_H723_ -c -I"/home/sota/project/stm_mtk3/config" -I"/home/sota/project/stm_mtk3/include" -I"/home/sota/project/stm_mtk3/kernel/knlinc" -O0 -ffunction-sections -fdata-sections -Wall -fstack-usage -fcyclomatic-complexity -MMD -MP -MF"lib/libtk/kmalloc.d" -MT"lib/libtk/kmalloc.o" --specs=nano.specs -mfpu=fpv5-d16 -mfloat-abi=soft -mthumb -o "lib/libtk/kmalloc.o"
arm-none-eabi-gcc "../lib/libbsp/sysdepend/cpu/rp2040/libbsp_pwm.c" -mcpu=cortex-m7 -std=gnu99 -g3 -D_NUCLEO_H723_ -c -I"/home/sota/project/stm_mtk3/config" -I"/home/sota/project/stm_mtk3/include" -I"/home/sota/project/stm_mtk3/kernel/knlinc" -O0 -ffunction-sections -fdata-sections -Wall -fstack-usage -fcyclomatic-complexity -MMD -MP -MF"lib/libbsp/sysdepend/cpu/rp2040/libbsp_pwm.d" -MT"lib/libbsp/sysdepend/cpu/rp2040/libbsp_pwm.o" --specs=nano.specs -mfpu=fpv5-d16 -mfloat-abi=soft -mthumb -o "lib/libbsp/sysdepend/cpu/rp2040/libbsp_pwm.o"
arm-none-eabi-gcc "../kernel/usermain/usermain.c" -mcpu=cortex-m7 -std=gnu99 -g3 -D_NUCLEO_H723_ -c -I"/home/sota/project/stm_mtk3/config" -I"/home/sota/project/stm_mtk3/include" -I"/home/sota/project/stm_mtk3/kernel/knlinc" -O0 -ffunction-sections -fdata-sections -Wall -fstack-usage -fcyclomatic-complexity -MMD -MP -MF"kernel/usermain/usermain.d" -MT"kernel/usermain/usermain.o" --specs=nano.specs -mfpu=fpv5-d16 -mfloat-abi=soft -mthumb -o "kernel/usermain/usermain.o"
arm-none-eabi-gcc "../kernel/tstdlib/bitop.c" -mcpu=cortex-m7 -std=gnu99 -g3 -D_NUCLEO_H723_ -c -I"/home/sota/project/stm_mtk3/config" -I"/home/sota/project/stm_mtk3/include" -I"/home/sota/project/stm_mtk3/kernel/knlinc" -O0 -ffunction-sections -fdata-sections -Wall -fstack-usage -fcyclomatic-complexity -MMD -MP -MF"kernel/tstdlib/bitop.d" -MT"kernel/tstdlib/bitop.o" --specs=nano.specs -mfpu=fpv5-d16 -mfloat-abi=soft -mthumb -o "kernel/tstdlib/bitop.o"
arm-none-eabi-gcc "../kernel/tstdlib/string.c" -mcpu=cortex-m7 -std=gnu99 -g3 -D_NUCLEO_H723_ -c -I"/home/sota/project/stm_mtk3/config" -I"/home/sota/project/stm_mtk3/include" -I"/home/sota/project/stm_mtk3/kernel/knlinc" -O0 -ffunction-sections -fdata-sections -Wall -fstack-usage -fcyclomatic-complexity -MMD -MP -MF"kernel/tstdlib/string.d" -MT"kernel/tstdlib/string.o" --specs=nano.specs -mfpu=fpv5-d16 -mfloat-abi=soft -mthumb -o "kernel/tstdlib/string.o"
arm-none-eabi-gcc "../kernel/tkernel/cpuctl.c" -mcpu=cortex-m7 -std=gnu99 -g3 -D_NUCLEO_H723_ -c -I"/home/sota/project/stm_mtk3/config" -I"/home/sota/project/stm_mtk3/include" -I"/home/sota/project/stm_mtk3/kernel/knlinc" -O0 -ffunction-sections -fdata-sections -Wall -fstack-usage -fcyclomatic-complexity -MMD -MP -MF"kernel/tkernel/cpuctl.d" -MT"kernel/tkernel/cpuctl.o" --specs=nano.specs -mfpu=fpv5-d16 -mfloat-abi=soft -mthumb -o "kernel/tkernel/cpuctl.o"
arm-none-eabi-gcc "../kernel/tkernel/device.c" -mcpu=cortex-m7 -std=gnu99 -g3 -D_NUCLEO_H723_ -c -I"/home/sota/project/stm_mtk3/config" -I"/home/sota/project/stm_mtk3/include" -I"/home/sota/project/stm_mtk3/kernel/knlinc" -O0 -ffunction-sections -fdata-sections -Wall -fstack-usage -fcyclomatic-complexity -MMD -MP -MF"kernel/tkernel/device.d" -MT"kernel/tkernel/device.o" --specs=nano.specs -mfpu=fpv5-d16 -mfloat-abi=soft -mthumb -o "kernel/tkernel/device.o"
arm-none-eabi-gcc "../kernel/tkernel/deviceio.c" -mcpu=cortex-m7 -std=gnu99 -g3 -D_NUCLEO_H723_ -c -I"/home/sota/project/stm_mtk3/config" -I"/home/sota/project/stm_mtk3/include" -I"/home/sota/project/stm_mtk3/kernel/knlinc" -O0 -ffunction-sections -fdata-sections -Wall -fstack-usage -fcyclomatic-complexity -MMD -MP -MF"kernel/tkernel/deviceio.d" -MT"kernel/tkernel/deviceio.o" --specs=nano.specs -mfpu=fpv5-d16 -mfloat-abi=soft -mthumb -o "kernel/tkernel/deviceio.o"
arm-none-eabi-gcc "../kernel/tkernel/eventflag.c" -mcpu=cortex-m7 -std=gnu99 -g3 -D_NUCLEO_H723_ -c -I"/home/sota/project/stm_mtk3/config" -I"/home/sota/project/stm_mtk3/include" -I"/home/sota/project/stm_mtk3/kernel/knlinc" -O0 -ffunction-sections -fdata-sections -Wall -fstack-usage -fcyclomatic-complexity -MMD -MP -MF"kernel/tkernel/eventflag.d" -MT"kernel/tkernel/eventflag.o" --specs=nano.specs -mfpu=fpv5-d16 -mfloat-abi=soft -mthumb -o "kernel/tkernel/eventflag.o"
arm-none-eabi-gcc "../kernel/tkernel/int.c" -mcpu=cortex-m7 -std=gnu99 -g3 -D_NUCLEO_H723_ -c -I"/home/sota/project/stm_mtk3/config" -I"/home/sota/project/stm_mtk3/include" -I"/home/sota/project/stm_mtk3/kernel/knlinc" -O0 -ffunction-sections -fdata-sections -Wall -fstack-usage -fcyclomatic-complexity -MMD -MP -MF"kernel/tkernel/int.d" -MT"kernel/tkernel/int.o" --specs=nano.specs -mfpu=fpv5-d16 -mfloat-abi=soft -mthumb -o "kernel/tkernel/int.o"
arm-none-eabi-gcc "../kernel/tkernel/klock.c" -mcpu=cortex-m7 -std=gnu99 -g3 -D_NUCLEO_H723_ -c -I"/home/sota/project/stm_mtk3/config" -I"/home/sota/project/stm_mtk3/include" -I"/home/sota/project/stm_mtk3/kernel/knlinc" -O0 -ffunction-sections -fdata-sections -Wall -fstack-usage -fcyclomatic-complexity -MMD -MP -MF"kernel/tkernel/klock.d" -MT"kernel/tkernel/klock.o" --specs=nano.specs -mfpu=fpv5-d16 -mfloat-abi=soft -mthumb -o "kernel/tkernel/klock.o"
arm-none-eabi-gcc "../kernel/tkernel/mailbox.c" -mcpu=cortex-m7 -std=gnu99 -g3 -D_NUCLEO_H723_ -c -I"/home/sota/project/stm_mtk3/config" -I"/home/sota/project/stm_mtk3/include" -I"/home/sota/project/stm_mtk3/kernel/knlinc" -O0 -ffunction-sections -fdata-sections -Wall -fstack-usage -fcyclomatic-complexity -MMD -MP -MF"kernel/tkernel/mailbox.d" -MT"kernel/tkernel/mailbox.o" --specs=nano.specs -mfpu=fpv5-d16 -mfloat-abi=soft -mthumb -o "kernel/tkernel/mailbox.o"
arm-none-eabi-gcc "../kernel/tkernel/memory.c" -mcpu=cortex-m7 -std=gnu99 -g3 -D_NUCLEO_H723_ -c -I"/home/sota/project/stm_mtk3/config" -I"/home/sota/project/stm_mtk3/include" -I"/home/sota/project/stm_mtk3/kernel/knlinc" -O0 -ffunction-sections -fdata-sections -Wall -fstack-usage -fcyclomatic-complexity -MMD -MP -MF"kernel/tkernel/memory.d" -MT"kernel/tkernel/memory.o" --specs=nano.specs -mfpu=fpv5-d16 -mfloat-abi=soft -mthumb -o "kernel/tkernel/memory.o"
arm-none-eabi-gcc "../kernel/tkernel/mempfix.c" -mcpu=cortex-m7 -std=gnu99 -g3 -D_NUCLEO_H723_ -c -I"/home/sota/project/stm_mtk3/config" -I"/home/sota/project/stm_mtk3/include" -I"/home/sota/project/stm_mtk3/kernel/knlinc" -O0 -ffunction-sections -fdata-sections -Wall -fstack-usage -fcyclomatic-complexity -MMD -MP -MF"kernel/tkernel/mempfix.d" -MT"kernel/tkernel/mempfix.o" --specs=nano.specs -mfpu=fpv5-d16 -mfloat-abi=soft -mthumb -o "kernel/tkernel/mempfix.o"
arm-none-eabi-gcc "../kernel/tkernel/mempool.c" -mcpu=cortex-m7 -std=gnu99 -g3 -D_NUCLEO_H723_ -c -I"/home/sota/project/stm_mtk3/config" -I"/home/sota/project/stm_mtk3/include" -I"/home/sota/project/stm_mtk3/kernel/knlinc" -O0 -ffunction-sections -fdata-sections -Wall -fstack-usage -fcyclomatic-complexity -MMD -MP -MF"kernel/tkernel/mempool.d" -MT"kernel/tkernel/mempool.o" --specs=nano.specs -mfpu=fpv5-d16 -mfloat-abi=soft -mthumb -o "kernel/tkernel/mempool.o"
arm-none-eabi-gcc "../kernel/tkernel/messagebuf.c" -mcpu=cortex-m7 -std=gnu99 -g3 -D_NUCLEO_H723_ -c -I"/home/sota/project/stm_mtk3/config" -I"/home/sota/project/stm_mtk3/include" -I"/home/sota/project/stm_mtk3/kernel/knlinc" -O0 -ffunction-sections -fdata-sections -Wall -fstack-usage -fcyclomatic-complexity -MMD -MP -MF"kernel/tkernel/messagebuf.d" -MT"kernel/tkernel/messagebuf.o" --specs=nano.specs -mfpu=fpv5-d16 -mfloat-abi=soft -mthumb -o "kernel/tkernel/messagebuf.o"
arm-none-eabi-gcc "../kernel/tkernel/misc_calls.c" -mcpu=cortex-m7 -std=gnu99 -g3 -D_NUCLEO_H723_ -c -I"/home/sota/project/stm_mtk3/config" -I"/home/sota/project/stm_mtk3/include" -I"/home/sota/project/stm_mtk3/kernel/knlinc" -O0 -ffunction-sections -fdata-sections -Wall -fstack-usage -fcyclomatic-complexity -MMD -MP -MF"kernel/tkernel/misc_calls.d" -MT"kernel/tkernel/misc_calls.o" --specs=nano.specs -mfpu=fpv5-d16 -mfloat-abi=soft -mthumb -o "kernel/tkernel/misc_calls.o"
arm-none-eabi-gcc "../kernel/tkernel/mutex.c" -mcpu=cortex-m7 -std=gnu99 -g3 -D_NUCLEO_H723_ -c -I"/home/sota/project/stm_mtk3/config" -I"/home/sota/project/stm_mtk3/include" -I"/home/sota/project/stm_mtk3/kernel/knlinc" -O0 -ffunction-sections -fdata-sections -Wall -fstack-usage -fcyclomatic-complexity -MMD -MP -MF"kernel/tkernel/mutex.d" -MT"kernel/tkernel/mutex.o" --specs=nano.specs -mfpu=fpv5-d16 -mfloat-abi=soft -mthumb -o "kernel/tkernel/mutex.o"
arm-none-eabi-gcc "../kernel/tkernel/objname.c" -mcpu=cortex-m7 -std=gnu99 -g3 -D_NUCLEO_H723_ -c -I"/home/sota/project/stm_mtk3/config" -I"/home/sota/project/stm_mtk3/include" -I"/home/sota/project/stm_mtk3/kernel/knlinc" -O0 -ffunction-sections -fdata-sections -Wall -fstack-usage -fcyclomatic-complexity -MMD -MP -MF"kernel/tkernel/objname.d" -MT"kernel/tkernel/objname.o" --specs=nano.specs -mfpu=fpv5-d16 -mfloat-abi=soft -mthumb -o "kernel/tkernel/objname.o"
arm-none-eabi-gcc "../kernel/tkernel/power.c" -mcpu=cortex-m7 -std=gnu99 -g3 -D_NUCLEO_H723_ -c -I"/home/sota/project/stm_mtk3/config" -I"/home/sota/project/stm_mtk3/include" -I"/home/sota/project/stm_mtk3/kernel/knlinc" -O0 -ffunction-sections -fdata-sections -Wall -fstack-usage -fcyclomatic-complexity -MMD -MP -MF"kernel/tkernel/power.d" -MT"kernel/tkernel/power.o" --specs=nano.specs -mfpu=fpv5-d16 -mfloat-abi=soft -mthumb -o "kernel/tkernel/power.o"
arm-none-eabi-gcc "../kernel/tkernel/rendezvous.c" -mcpu=cortex-m7 -std=gnu99 -g3 -D_NUCLEO_H723_ -c -I"/home/sota/project/stm_mtk3/config" -I"/home/sota/project/stm_mtk3/include" -I"/home/sota/project/stm_mtk3/kernel/knlinc" -O0 -ffunction-sections -fdata-sections -Wall -fstack-usage -fcyclomatic-complexity -MMD -MP -MF"kernel/tkernel/rendezvous.d" -MT"kernel/tkernel/rendezvous.o" --specs=nano.specs -mfpu=fpv5-d16 -mfloat-abi=soft -mthumb -o "kernel/tkernel/rendezvous.o"
arm-none-eabi-gcc "../kernel/tkernel/semaphore.c" -mcpu=cortex-m7 -std=gnu99 -g3 -D_NUCLEO_H723_ -c -I"/home/sota/project/stm_mtk3/config" -I"/home/sota/project/stm_mtk3/include" -I"/home/sota/project/stm_mtk3/kernel/knlinc" -O0 -ffunction-sections -fdata-sections -Wall -fstack-usage -fcyclomatic-complexity -MMD -MP -MF"kernel/tkernel/semaphore.d" -MT"kernel/tkernel/semaphore.o" --specs=nano.specs -mfpu=fpv5-d16 -mfloat-abi=soft -mthumb -o "kernel/tkernel/semaphore.o"
arm-none-eabi-gcc "../kernel/tkernel/task.c" -mcpu=cortex-m7 -std=gnu99 -g3 -D_NUCLEO_H723_ -c -I"/home/sota/project/stm_mtk3/config" -I"/home/sota/project/stm_mtk3/include" -I"/home/sota/project/stm_mtk3/kernel/knlinc" -O0 -ffunction-sections -fdata-sections -Wall -fstack-usage -fcyclomatic-complexity -MMD -MP -MF"kernel/tkernel/task.d" -MT"kernel/tkernel/task.o" --specs=nano.specs -mfpu=fpv5-d16 -mfloat-abi=soft -mthumb -o "kernel/tkernel/task.o"
arm-none-eabi-gcc "../kernel/tkernel/task_manage.c" -mcpu=cortex-m7 -std=gnu99 -g3 -D_NUCLEO_H723_ -c -I"/home/sota/project/stm_mtk3/config" -I"/home/sota/project/stm_mtk3/include" -I"/home/sota/project/stm_mtk3/kernel/knlinc" -O0 -ffunction-sections -fdata-sections -Wall -fstack-usage -fcyclomatic-complexity -MMD -MP -MF"kernel/tkernel/task_manage.d" -MT"kernel/tkernel/task_manage.o" --specs=nano.specs -mfpu=fpv5-d16 -mfloat-abi=soft -mthumb -o "kernel/tkernel/task_manage.o"
arm-none-eabi-gcc "../kernel/tkernel/task_sync.c" -mcpu=cortex-m7 -std=gnu99 -g3 -D_NUCLEO_H723_ -c -I"/home/sota/project/stm_mtk3/config" -I"/home/sota/project/stm_mtk3/include" -I"/home/sota/project/stm_mtk3/kernel/knlinc" -O0 -ffunction-sections -fdata-sections -Wall -fstack-usage -fcyclomatic-complexity -MMD -MP -MF"kernel/tkernel/task_sync.d" -MT"kernel/tkernel/task_sync.o" --specs=nano.specs -mfpu=fpv5-d16 -mfloat-abi=soft -mthumb -o "kernel/tkernel/task_sync.o"
arm-none-eabi-gcc "../kernel/tkernel/time_calls.c" -mcpu=cortex-m7 -std=gnu99 -g3 -D_NUCLEO_H723_ -c -I"/home/sota/project/stm_mtk3/config" -I"/home/sota/project/stm_mtk3/include" -I"/home/sota/project/stm_mtk3/kernel/knlinc" -O0 -ffunction-sections -fdata-sections -Wall -fstack-usage -fcyclomatic-complexity -MMD -MP -MF"kernel/tkernel/time_calls.d" -MT"kernel/tkernel/time_calls.o" --specs=nano.specs -mfpu=fpv5-d16 -mfloat-abi=soft -mthumb -o "kernel/tkernel/time_calls.o"
arm-none-eabi-gcc "../kernel/tkernel/timer.c" -mcpu=cortex-m7 -std=gnu99 -g3 -D_NUCLEO_H723_ -c -I"/home/sota/project/stm_mtk3/config" -I"/home/sota/project/stm_mtk3/include" -I"/home/sota/project/stm_mtk3/kernel/knlinc" -O0 -ffunction-sections -fdata-sections -Wall -fstack-usage -fcyclomatic-complexity -MMD -MP -MF"kernel/tkernel/timer.d" -MT"kernel/tkernel/timer.o" --specs=nano.specs -mfpu=fpv5-d16 -mfloat-abi=soft -mthumb -o "kernel/tkernel/timer.o"
arm-none-eabi-gcc "../kernel/tkernel/tkinit.c" -mcpu=cortex-m7 -std=gnu99 -g3 -D_NUCLEO_H723_ -c -I"/home/sota/project/stm_mtk3/config" -I"/home/sota/project/stm_mtk3/include" -I"/home/sota/project/stm_mtk3/kernel/knlinc" -O0 -ffunction-sections -fdata-sections -Wall -fstack-usage -fcyclomatic-complexity -MMD -MP -MF"kernel/tkernel/tkinit.d" -MT"kernel/tkernel/tkinit.o" --specs=nano.specs -mfpu=fpv5-d16 -mfloat-abi=soft -mthumb -o "kernel/tkernel/tkinit.o"
arm-none-eabi-gcc "../kernel/tkernel/wait.c" -mcpu=cortex-m7 -std=gnu99 -g3 -D_NUCLEO_H723_ -c -I"/home/sota/project/stm_mtk3/config" -I"/home/sota/project/stm_mtk3/include" -I"/home/sota/project/stm_mtk3/kernel/knlinc" -O0 -ffunction-sections -fdata-sections -Wall -fstack-usage -fcyclomatic-complexity -MMD -MP -MF"kernel/tkernel/wait.d" -MT"kernel/tkernel/wait.o" --specs=nano.specs -mfpu=fpv5-d16 -mfloat-abi=soft -mthumb -o "kernel/tkernel/wait.o"
arm-none-eabi-gcc "../kernel/sysinit/sysinit.c" -mcpu=cortex-m7 -std=gnu99 -g3 -D_NUCLEO_H723_ -c -I"/home/sota/project/stm_mtk3/config" -I"/home/sota/project/stm_mtk3/include" -I"/home/sota/project/stm_mtk3/kernel/knlinc" -O0 -ffunction-sections -fdata-sections -Wall -fstack-usage -fcyclomatic-complexity -MMD -MP -MF"kernel/sysinit/sysinit.d" -MT"kernel/sysinit/sysinit.o" --specs=nano.specs -mfpu=fpv5-d16 -mfloat-abi=soft -mthumb -o "kernel/sysinit/sysinit.o"
arm-none-eabi-gcc "../kernel/sysdepend/rtb_rx65n/cpu_clock.c" -mcpu=cortex-m7 -std=gnu99 -g3 -D_NUCLEO_H723_ -c -I"/home/sota/project/stm_mtk3/config" -I"/home/sota/project/stm_mtk3/include" -I"/home/sota/project/stm_mtk3/kernel/knlinc" -O0 -ffunction-sections -fdata-sections -Wall -fstack-usage -fcyclomatic-complexity -MMD -MP -MF"kernel/sysdepend/rtb_rx65n/cpu_clock.d" -MT"kernel/sysdepend/rtb_rx65n/cpu_clock.o" --specs=nano.specs -mfpu=fpv5-d16 -mfloat-abi=soft -mthumb -o "kernel/sysdepend/rtb_rx65n/cpu_clock.o"
arm-none-eabi-gcc "../kernel/sysdepend/rtb_rx65n/devinit.c" -mcpu=cortex-m7 -std=gnu99 -g3 -D_NUCLEO_H723_ -c -I"/home/sota/project/stm_mtk3/config" -I"/home/sota/project/stm_mtk3/include" -I"/home/sota/project/stm_mtk3/kernel/knlinc" -O0 -ffunction-sections -fdata-sections -Wall -fstack-usage -fcyclomatic-complexity -MMD -MP -MF"kernel/sysdepend/rtb_rx65n/devinit.d" -MT"kernel/sysdepend/rtb_rx65n/devinit.o" --specs=nano.specs -mfpu=fpv5-d16 -mfloat-abi=soft -mthumb -o "kernel/sysdepend/rtb_rx65n/devinit.o"
arm-none-eabi-gcc "../kernel/sysdepend/rtb_rx65n/hw_setting.c" -mcpu=cortex-m7 -std=gnu99 -g3 -D_NUCLEO_H723_ -c -I"/home/sota/project/stm_mtk3/config" -I"/home/sota/project/stm_mtk3/include" -I"/home/sota/project/stm_mtk3/kernel/knlinc" -O0 -ffunction-sections -fdata-sections -Wall -fstack-usage -fcyclomatic-complexity -MMD -MP -MF"kernel/sysdepend/rtb_rx65n/hw_setting.d" -MT"kernel/sysdepend/rtb_rx65n/hw_setting.o" --specs=nano.specs -mfpu=fpv5-d16 -mfloat-abi=soft -mthumb -o "kernel/sysdepend/rtb_rx65n/hw_setting.o"
arm-none-eabi-gcc "../kernel/sysdepend/rtb_rx65n/power_save.c" -mcpu=cortex-m7 -std=gnu99 -g3 -D_NUCLEO_H723_ -c -I"/home/sota/project/stm_mtk3/config" -I"/home/sota/project/stm_mtk3/include" -I"/home/sota/project/stm_mtk3/kernel/knlinc" -O0 -ffunction-sections -fdata-sections -Wall -fstack-usage -fcyclomatic-complexity -MMD -MP -MF"kernel/sysdepend/rtb_rx65n/power_save.d" -MT"kernel/sysdepend/rtb_rx65n/power_save.o" --specs=nano.specs -mfpu=fpv5-d16 -mfloat-abi=soft -mthumb -o "kernel/sysdepend/rtb_rx65n/power_save.o"
arm-none-eabi-gcc "../kernel/sysdepend/rsk_rx65n/cpu_clock.c" -mcpu=cortex-m7 -std=gnu99 -g3 -D_NUCLEO_H723_ -c -I"/home/sota/project/stm_mtk3/config" -I"/home/sota/project/stm_mtk3/include" -I"/home/sota/project/stm_mtk3/kernel/knlinc" -O0 -ffunction-sections -fdata-sections -Wall -fstack-usage -fcyclomatic-complexity -MMD -MP -MF"kernel/sysdepend/rsk_rx65n/cpu_clock.d" -MT"kernel/sysdepend/rsk_rx65n/cpu_clock.o" --specs=nano.specs -mfpu=fpv5-d16 -mfloat-abi=soft -mthumb -o "kernel/sysdepend/rsk_rx65n/cpu_clock.o"
arm-none-eabi-gcc "../kernel/sysdepend/rsk_rx65n/devinit.c" -mcpu=cortex-m7 -std=gnu99 -g3 -D_NUCLEO_H723_ -c -I"/home/sota/project/stm_mtk3/config" -I"/home/sota/project/stm_mtk3/include" -I"/home/sota/project/stm_mtk3/kernel/knlinc" -O0 -ffunction-sections -fdata-sections -Wall -fstack-usage -fcyclomatic-complexity -MMD -MP -MF"kernel/sysdepend/rsk_rx65n/devinit.d" -MT"kernel/sysdepend/rsk_rx65n/devinit.o" --specs=nano.specs -mfpu=fpv5-d16 -mfloat-abi=soft -mthumb -o "kernel/sysdepend/rsk_rx65n/devinit.o"
arm-none-eabi-gcc "../kernel/sysdepend/rsk_rx65n/hw_setting.c" -mcpu=cortex-m7 -std=gnu99 -g3 -D_NUCLEO_H723_ -c -I"/home/sota/project/stm_mtk3/config" -I"/home/sota/project/stm_mtk3/include" -I"/home/sota/project/stm_mtk3/kernel/knlinc" -O0 -ffunction-sections -fdata-sections -Wall -fstack-usage -fcyclomatic-complexity -MMD -MP -MF"kernel/sysdepend/rsk_rx65n/hw_setting.d" -MT"kernel/sysdepend/rsk_rx65n/hw_setting.o" --specs=nano.specs -mfpu=fpv5-d16 -mfloat-abi=soft -mthumb -o "kernel/sysdepend/rsk_rx65n/hw_setting.o"
arm-none-eabi-gcc "../kernel/sysdepend/rsk_rx65n/power_save.c" -mcpu=cortex-m7 -std=gnu99 -g3 -D_NUCLEO_H723_ -c -I"/home/sota/project/stm_mtk3/config" -I"/home/sota/project/stm_mtk3/include" -I"/home/sota/project/stm_mtk3/kernel/knlinc" -O0 -ffunction-sections -fdata-sections -Wall -fstack-usage -fcyclomatic-complexity -MMD -MP -MF"kernel/sysdepend/rsk_rx65n/power_save.d" -MT"kernel/sysdepend/rsk_rx65n/power_save.o" --specs=nano.specs -mfpu=fpv5-d16 -mfloat-abi=soft -mthumb -o "kernel/sysdepend/rsk_rx65n/power_save.o"
arm-none-eabi-gcc "../kernel/sysdepend/pico_rp2040/cpu_clock.c" -mcpu=cortex-m7 -std=gnu99 -g3 -D_NUCLEO_H723_ -c -I"/home/sota/project/stm_mtk3/config" -I"/home/sota/project/stm_mtk3/include" -I"/home/sota/project/stm_mtk3/kernel/knlinc" -O0 -ffunction-sections -fdata-sections -Wall -fstack-usage -fcyclomatic-complexity -MMD -MP -MF"kernel/sysdepend/pico_rp2040/cpu_clock.d" -MT"kernel/sysdepend/pico_rp2040/cpu_clock.o" --specs=nano.specs -mfpu=fpv5-d16 -mfloat-abi=soft -mthumb -o "kernel/sysdepend/pico_rp2040/cpu_clock.o"
arm-none-eabi-gcc "../kernel/sysdepend/pico_rp2040/devinit.c" -mcpu=cortex-m7 -std=gnu99 -g3 -D_NUCLEO_H723_ -c -I"/home/sota/project/stm_mtk3/config" -I"/home/sota/project/stm_mtk3/include" -I"/home/sota/project/stm_mtk3/kernel/knlinc" -O0 -ffunction-sections -fdata-sections -Wall -fstack-usage -fcyclomatic-complexity -MMD -MP -MF"kernel/sysdepend/pico_rp2040/devinit.d" -MT"kernel/sysdepend/pico_rp2040/devinit.o" --specs=nano.specs -mfpu=fpv5-d16 -mfloat-abi=soft -mthumb -o "kernel/sysdepend/pico_rp2040/devinit.o"
arm-none-eabi-gcc "../kernel/sysdepend/pico_rp2040/hw_setting.c" -mcpu=cortex-m7 -std=gnu99 -g3 -D_NUCLEO_H723_ -c -I"/home/sota/project/stm_mtk3/config" -I"/home/sota/project/stm_mtk3/include" -I"/home/sota/project/stm_mtk3/kernel/knlinc" -O0 -ffunction-sections -fdata-sections -Wall -fstack-usage -fcyclomatic-complexity -MMD -MP -MF"kernel/sysdepend/pico_rp2040/hw_setting.d" -MT"kernel/sysdepend/pico_rp2040/hw_setting.o" --specs=nano.specs -mfpu=fpv5-d16 -mfloat-abi=soft -mthumb -o "kernel/sysdepend/pico_rp2040/hw_setting.o"
arm-none-eabi-gcc "../kernel/sysdepend/pico_rp2040/power_save.c" -mcpu=cortex-m7 -std=gnu99 -g3 -D_NUCLEO_H723_ -c -I"/home/sota/project/stm_mtk3/config" -I"/home/sota/project/stm_mtk3/include" -I"/home/sota/project/stm_mtk3/kernel/knlinc" -O0 -ffunction-sections -fdata-sections -Wall -fstack-usage -fcyclomatic-complexity -MMD -MP -MF"kernel/sysdepend/pico_rp2040/power_save.d" -MT"kernel/sysdepend/pico_rp2040/power_save.o" --specs=nano.specs -mfpu=fpv5-d16 -mfloat-abi=soft -mthumb -o "kernel/sysdepend/pico_rp2040/power_save.o"
arm-none-eabi-gcc "../kernel/sysdepend/nucleo_l476/cpu_clock.c" -mcpu=cortex-m7 -std=gnu99 -g3 -D_NUCLEO_H723_ -c -I"/home/sota/project/stm_mtk3/config" -I"/home/sota/project/stm_mtk3/include" -I"/home/sota/project/stm_mtk3/kernel/knlinc" -O0 -ffunction-sections -fdata-sections -Wall -fstack-usage -fcyclomatic-complexity -MMD -MP -MF"kernel/sysdepend/nucleo_l476/cpu_clock.d" -MT"kernel/sysdepend/nucleo_l476/cpu_clock.o" --specs=nano.specs -mfpu=fpv5-d16 -mfloat-abi=soft -mthumb -o "kernel/sysdepend/nucleo_l476/cpu_clock.o"
arm-none-eabi-gcc "../kernel/sysdepend/nucleo_l476/devinit.c" -mcpu=cortex-m7 -std=gnu99 -g3 -D_NUCLEO_H723_ -c -I"/home/sota/project/stm_mtk3/config" -I"/home/sota/project/stm_mtk3/include" -I"/home/sota/project/stm_mtk3/kernel/knlinc" -O0 -ffunction-sections -fdata-sections -Wall -fstack-usage -fcyclomatic-complexity -MMD -MP -MF"kernel/sysdepend/nucleo_l476/devinit.d" -MT"kernel/sysdepend/nucleo_l476/devinit.o" --specs=nano.specs -mfpu=fpv5-d16 -mfloat-abi=soft -mthumb -o "kernel/sysdepend/nucleo_l476/devinit.o"
arm-none-eabi-gcc "../kernel/sysdepend/nucleo_l476/hw_setting.c" -mcpu=cortex-m7 -std=gnu99 -g3 -D_NUCLEO_H723_ -c -I"/home/sota/project/stm_mtk3/config" -I"/home/sota/project/stm_mtk3/include" -I"/home/sota/project/stm_mtk3/kernel/knlinc" -O0 -ffunction-sections -fdata-sections -Wall -fstack-usage -fcyclomatic-complexity -MMD -MP -MF"kernel/sysdepend/nucleo_l476/hw_setting.d" -MT"kernel/sysdepend/nucleo_l476/hw_setting.o" --specs=nano.specs -mfpu=fpv5-d16 -mfloat-abi=soft -mthumb -o "kernel/sysdepend/nucleo_l476/hw_setting.o"
arm-none-eabi-gcc "../kernel/sysdepend/nucleo_l476/power_save.c" -mcpu=cortex-m7 -std=gnu99 -g3 -D_NUCLEO_H723_ -c -I"/home/sota/project/stm_mtk3/config" -I"/home/sota/project/stm_mtk3/include" -I"/home/sota/project/stm_mtk3/kernel/knlinc" -O0 -ffunction-sections -fdata-sections -Wall -fstack-usage -fcyclomatic-complexity -MMD -MP -MF"kernel/sysdepend/nucleo_l476/power_save.d" -MT"kernel/sysdepend/nucleo_l476/power_save.o" --specs=nano.specs -mfpu=fpv5-d16 -mfloat-abi=soft -mthumb -o "kernel/sysdepend/nucleo_l476/power_save.o"
arm-none-eabi-gcc "../kernel/sysdepend/nucleo_h723/cpu_clock.c" -mcpu=cortex-m7 -std=gnu99 -g3 -D_NUCLEO_H723_ -c -I"/home/sota/project/stm_mtk3/config" -I"/home/sota/project/stm_mtk3/include" -I"/home/sota/project/stm_mtk3/kernel/knlinc" -O0 -ffunction-sections -fdata-sections -Wall -fstack-usage -fcyclomatic-complexity -MMD -MP -MF"kernel/sysdepend/nucleo_h723/cpu_clock.d" -MT"kernel/sysdepend/nucleo_h723/cpu_clock.o" --specs=nano.specs -mfpu=fpv5-d16 -mfloat-abi=soft -mthumb -o "kernel/sysdepend/nucleo_h723/cpu_clock.o"
arm-none-eabi-gcc "../kernel/sysdepend/nucleo_h723/devinit.c" -mcpu=cortex-m7 -std=gnu99 -g3 -D_NUCLEO_H723_ -c -I"/home/sota/project/stm_mtk3/config" -I"/home/sota/project/stm_mtk3/include" -I"/home/sota/project/stm_mtk3/kernel/knlinc" -O0 -ffunction-sections -fdata-sections -Wall -fstack-usage -fcyclomatic-complexity -MMD -MP -MF"kernel/sysdepend/nucleo_h723/devinit.d" -MT"kernel/sysdepend/nucleo_h723/devinit.o" --specs=nano.specs -mfpu=fpv5-d16 -mfloat-abi=soft -mthumb -o "kernel/sysdepend/nucleo_h723/devinit.o"
arm-none-eabi-gcc "../kernel/sysdepend/nucleo_h723/hw_setting.c" -mcpu=cortex-m7 -std=gnu99 -g3 -D_NUCLEO_H723_ -c -I"/home/sota/project/stm_mtk3/config" -I"/home/sota/project/stm_mtk3/include" -I"/home/sota/project/stm_mtk3/kernel/knlinc" -O0 -ffunction-sections -fdata-sections -Wall -fstack-usage -fcyclomatic-complexity -MMD -MP -MF"kernel/sysdepend/nucleo_h723/hw_setting.d" -MT"kernel/sysdepend/nucleo_h723/hw_setting.o" --specs=nano.specs -mfpu=fpv5-d16 -mfloat-abi=soft -mthumb -o "kernel/sysdepend/nucleo_h723/hw_setting.o"
arm-none-eabi-gcc "../kernel/sysdepend/nucleo_h723/power_save.c" -mcpu=cortex-m7 -std=gnu99 -g3 -D_NUCLEO_H723_ -c -I"/home/sota/project/stm_mtk3/config" -I"/home/sota/project/stm_mtk3/include" -I"/home/sota/project/stm_mtk3/kernel/knlinc" -O0 -ffunction-sections -fdata-sections -Wall -fstack-usage -fcyclomatic-complexity -MMD -MP -MF"kernel/sysdepend/nucleo_h723/power_save.d" -MT"kernel/sysdepend/nucleo_h723/power_save.o" --specs=nano.specs -mfpu=fpv5-d16 -mfloat-abi=soft -mthumb -o "kernel/sysdepend/nucleo_h723/power_save.o"
arm-none-eabi-gcc "../kernel/sysdepend/iote_stm32l4/cpu_clock.c" -mcpu=cortex-m7 -std=gnu99 -g3 -D_NUCLEO_H723_ -c -I"/home/sota/project/stm_mtk3/config" -I"/home/sota/project/stm_mtk3/include" -I"/home/sota/project/stm_mtk3/kernel/knlinc" -O0 -ffunction-sections -fdata-sections -Wall -fstack-usage -fcyclomatic-complexity -MMD -MP -MF"kernel/sysdepend/iote_stm32l4/cpu_clock.d" -MT"kernel/sysdepend/iote_stm32l4/cpu_clock.o" --specs=nano.specs -mfpu=fpv5-d16 -mfloat-abi=soft -mthumb -o "kernel/sysdepend/iote_stm32l4/cpu_clock.o"
arm-none-eabi-gcc "../kernel/sysdepend/iote_stm32l4/devinit.c" -mcpu=cortex-m7 -std=gnu99 -g3 -D_NUCLEO_H723_ -c -I"/home/sota/project/stm_mtk3/config" -I"/home/sota/project/stm_mtk3/include" -I"/home/sota/project/stm_mtk3/kernel/knlinc" -O0 -ffunction-sections -fdata-sections -Wall -fstack-usage -fcyclomatic-complexity -MMD -MP -MF"kernel/sysdepend/iote_stm32l4/devinit.d" -MT"kernel/sysdepend/iote_stm32l4/devinit.o" --specs=nano.specs -mfpu=fpv5-d16 -mfloat-abi=soft -mthumb -o "kernel/sysdepend/iote_stm32l4/devinit.o"
arm-none-eabi-gcc "../kernel/sysdepend/iote_stm32l4/hw_setting.c" -mcpu=cortex-m7 -std=gnu99 -g3 -D_NUCLEO_H723_ -c -I"/home/sota/project/stm_mtk3/config" -I"/home/sota/project/stm_mtk3/include" -I"/home/sota/project/stm_mtk3/kernel/knlinc" -O0 -ffunction-sections -fdata-sections -Wall -fstack-usage -fcyclomatic-complexity -MMD -MP -MF"kernel/sysdepend/iote_stm32l4/hw_setting.d" -MT"kernel/sysdepend/iote_stm32l4/hw_setting.o" --specs=nano.specs -mfpu=fpv5-d16 -mfloat-abi=soft -mthumb -o "kernel/sysdepend/iote_stm32l4/hw_setting.o"
arm-none-eabi-gcc "../kernel/sysdepend/iote_stm32l4/power_save.c" -mcpu=cortex-m7 -std=gnu99 -g3 -D_NUCLEO_H723_ -c -I"/home/sota/project/stm_mtk3/config" -I"/home/sota/project/stm_mtk3/include" -I"/home/sota/project/stm_mtk3/kernel/knlinc" -O0 -ffunction-sections -fdata-sections -Wall -fstack-usage -fcyclomatic-complexity -MMD -MP -MF"kernel/sysdepend/iote_stm32l4/power_save.d" -MT"kernel/sysdepend/iote_stm32l4/power_save.o" --specs=nano.specs -mfpu=fpv5-d16 -mfloat-abi=soft -mthumb -o "kernel/sysdepend/iote_stm32l4/power_save.o"
arm-none-eabi-gcc "../kernel/sysdepend/iote_rza2m/cpu_clock.c" -mcpu=cortex-m7 -std=gnu99 -g3 -D_NUCLEO_H723_ -c -I"/home/sota/project/stm_mtk3/config" -I"/home/sota/project/stm_mtk3/include" -I"/home/sota/project/stm_mtk3/kernel/knlinc" -O0 -ffunction-sections -fdata-sections -Wall -fstack-usage -fcyclomatic-complexity -MMD -MP -MF"kernel/sysdepend/iote_rza2m/cpu_clock.d" -MT"kernel/sysdepend/iote_rza2m/cpu_clock.o" --specs=nano.specs -mfpu=fpv5-d16 -mfloat-abi=soft -mthumb -o "kernel/sysdepend/iote_rza2m/cpu_clock.o"
arm-none-eabi-gcc "../kernel/sysdepend/iote_rza2m/devinit.c" -mcpu=cortex-m7 -std=gnu99 -g3 -D_NUCLEO_H723_ -c -I"/home/sota/project/stm_mtk3/config" -I"/home/sota/project/stm_mtk3/include" -I"/home/sota/project/stm_mtk3/kernel/knlinc" -O0 -ffunction-sections -fdata-sections -Wall -fstack-usage -fcyclomatic-complexity -MMD -MP -MF"kernel/sysdepend/iote_rza2m/devinit.d" -MT"kernel/sysdepend/iote_rza2m/devinit.o" --specs=nano.specs -mfpu=fpv5-d16 -mfloat-abi=soft -mthumb -o "kernel/sysdepend/iote_rza2m/devinit.o"
arm-none-eabi-gcc "../kernel/sysdepend/iote_rza2m/hw_setting.c" -mcpu=cortex-m7 -std=gnu99 -g3 -D_NUCLEO_H723_ -c -I"/home/sota/project/stm_mtk3/config" -I"/home/sota/project/stm_mtk3/include" -I"/home/sota/project/stm_mtk3/kernel/knlinc" -O0 -ffunction-sections -fdata-sections -Wall -fstack-usage -fcyclomatic-complexity -MMD -MP -MF"kernel/sysdepend/iote_rza2m/hw_setting.d" -MT"kernel/sysdepend/iote_rza2m/hw_setting.o" --specs=nano.specs -mfpu=fpv5-d16 -mfloat-abi=soft -mthumb -o "kernel/sysdepend/iote_rza2m/hw_setting.o"
arm-none-eabi-gcc "../kernel/sysdepend/iote_rza2m/power_save.c" -mcpu=cortex-m7 -std=gnu99 -g3 -D_NUCLEO_H723_ -c -I"/home/sota/project/stm_mtk3/config" -I"/home/sota/project/stm_mtk3/include" -I"/home/sota/project/stm_mtk3/kernel/knlinc" -O0 -ffunction-sections -fdata-sections -Wall -fstack-usage -fcyclomatic-complexity -MMD -MP -MF"kernel/sysdepend/iote_rza2m/power_save.d" -MT"kernel/sysdepend/iote_rza2m/power_save.o" --specs=nano.specs -mfpu=fpv5-d16 -mfloat-abi=soft -mthumb -o "kernel/sysdepend/iote_rza2m/power_save.o"
arm-none-eabi-gcc "../kernel/sysdepend/iote_rx231/cpu_clock.c" -mcpu=cortex-m7 -std=gnu99 -g3 -D_NUCLEO_H723_ -c -I"/home/sota/project/stm_mtk3/config" -I"/home/sota/project/stm_mtk3/include" -I"/home/sota/project/stm_mtk3/kernel/knlinc" -O0 -ffunction-sections -fdata-sections -Wall -fstack-usage -fcyclomatic-complexity -MMD -MP -MF"kernel/sysdepend/iote_rx231/cpu_clock.d" -MT"kernel/sysdepend/iote_rx231/cpu_clock.o" --specs=nano.specs -mfpu=fpv5-d16 -mfloat-abi=soft -mthumb -o "kernel/sysdepend/iote_rx231/cpu_clock.o"
arm-none-eabi-gcc "../kernel/sysdepend/iote_rx231/devinit.c" -mcpu=cortex-m7 -std=gnu99 -g3 -D_NUCLEO_H723_ -c -I"/home/sota/project/stm_mtk3/config" -I"/home/sota/project/stm_mtk3/include" -I"/home/sota/project/stm_mtk3/kernel/knlinc" -O0 -ffunction-sections -fdata-sections -Wall -fstack-usage -fcyclomatic-complexity -MMD -MP -MF"kernel/sysdepend/iote_rx231/devinit.d" -MT"kernel/sysdepend/iote_rx231/devinit.o" --specs=nano.specs -mfpu=fpv5-d16 -mfloat-abi=soft -mthumb -o "kernel/sysdepend/iote_rx231/devinit.o"
arm-none-eabi-gcc "../kernel/sysdepend/iote_rx231/hw_setting.c" -mcpu=cortex-m7 -std=gnu99 -g3 -D_NUCLEO_H723_ -c -I"/home/sota/project/stm_mtk3/config" -I"/home/sota/project/stm_mtk3/include" -I"/home/sota/project/stm_mtk3/kernel/knlinc" -O0 -ffunction-sections -fdata-sections -Wall -fstack-usage -fcyclomatic-complexity -MMD -MP -MF"kernel/sysdepend/iote_rx231/hw_setting.d" -MT"kernel/sysdepend/iote_rx231/hw_setting.o" --specs=nano.specs -mfpu=fpv5-d16 -mfloat-abi=soft -mthumb -o "kernel/sysdepend/iote_rx231/hw_setting.o"
arm-none-eabi-gcc "../kernel/sysdepend/iote_rx231/power_save.c" -mcpu=cortex-m7 -std=gnu99 -g3 -D_NUCLEO_H723_ -c -I"/home/sota/project/stm_mtk3/config" -I"/home/sota/project/stm_mtk3/include" -I"/home/sota/project/stm_mtk3/kernel/knlinc" -O0 -ffunction-sections -fdata-sections -Wall -fstack-usage -fcyclomatic-complexity -MMD -MP -MF"kernel/sysdepend/iote_rx231/power_save.d" -MT"kernel/sysdepend/iote_rx231/power_save.o" --specs=nano.specs -mfpu=fpv5-d16 -mfloat-abi=soft -mthumb -o "kernel/sysdepend/iote_rx231/power_save.o"
arm-none-eabi-gcc "../kernel/sysdepend/iote_m367/cpu_clock.c" -mcpu=cortex-m7 -std=gnu99 -g3 -D_NUCLEO_H723_ -c -I"/home/sota/project/stm_mtk3/config" -I"/home/sota/project/stm_mtk3/include" -I"/home/sota/project/stm_mtk3/kernel/knlinc" -O0 -ffunction-sections -fdata-sections -Wall -fstack-usage -fcyclomatic-complexity -MMD -MP -MF"kernel/sysdepend/iote_m367/cpu_clock.d" -MT"kernel/sysdepend/iote_m367/cpu_clock.o" --specs=nano.specs -mfpu=fpv5-d16 -mfloat-abi=soft -mthumb -o "kernel/sysdepend/iote_m367/cpu_clock.o"
arm-none-eabi-gcc "../kernel/sysdepend/iote_m367/devinit.c" -mcpu=cortex-m7 -std=gnu99 -g3 -D_NUCLEO_H723_ -c -I"/home/sota/project/stm_mtk3/config" -I"/home/sota/project/stm_mtk3/include" -I"/home/sota/project/stm_mtk3/kernel/knlinc" -O0 -ffunction-sections -fdata-sections -Wall -fstack-usage -fcyclomatic-complexity -MMD -MP -MF"kernel/sysdepend/iote_m367/devinit.d" -MT"kernel/sysdepend/iote_m367/devinit.o" --specs=nano.specs -mfpu=fpv5-d16 -mfloat-abi=soft -mthumb -o "kernel/sysdepend/iote_m367/devinit.o"
arm-none-eabi-gcc "../kernel/sysdepend/iote_m367/hw_setting.c" -mcpu=cortex-m7 -std=gnu99 -g3 -D_NUCLEO_H723_ -c -I"/home/sota/project/stm_mtk3/config" -I"/home/sota/project/stm_mtk3/include" -I"/home/sota/project/stm_mtk3/kernel/knlinc" -O0 -ffunction-sections -fdata-sections -Wall -fstack-usage -fcyclomatic-complexity -MMD -MP -MF"kernel/sysdepend/iote_m367/hw_setting.d" -MT"kernel/sysdepend/iote_m367/hw_setting.o" --specs=nano.specs -mfpu=fpv5-d16 -mfloat-abi=soft -mthumb -o "kernel/sysdepend/iote_m367/hw_setting.o"
arm-none-eabi-gcc "../kernel/sysdepend/iote_m367/power_save.c" -mcpu=cortex-m7 -std=gnu99 -g3 -D_NUCLEO_H723_ -c -I"/home/sota/project/stm_mtk3/config" -I"/home/sota/project/stm_mtk3/include" -I"/home/sota/project/stm_mtk3/kernel/knlinc" -O0 -ffunction-sections -fdata-sections -Wall -fstack-usage -fcyclomatic-complexity -MMD -MP -MF"kernel/sysdepend/iote_m367/power_save.d" -MT"kernel/sysdepend/iote_m367/power_save.o" --specs=nano.specs -mfpu=fpv5-d16 -mfloat-abi=soft -mthumb -o "kernel/sysdepend/iote_m367/power_save.o"
arm-none-eabi-gcc "../kernel/sysdepend/cpu/tx03_m367/vector_tbl.c" -mcpu=cortex-m7 -std=gnu99 -g3 -D_NUCLEO_H723_ -c -I"/home/sota/project/stm_mtk3/config" -I"/home/sota/project/stm_mtk3/include" -I"/home/sota/project/stm_mtk3/kernel/knlinc" -O0 -ffunction-sections -fdata-sections -Wall -fstack-usage -fcyclomatic-complexity -MMD -MP -MF"kernel/sysdepend/cpu/tx03_m367/vector_tbl.d" -MT"kernel/sysdepend/cpu/tx03_m367/vector_tbl.o" --specs=nano.specs -mfpu=fpv5-d16 -mfloat-abi=soft -mthumb -o "kernel/sysdepend/cpu/tx03_m367/vector_tbl.o"
arm-none-eabi-gcc "../kernel/sysdepend/cpu/stm32l4/vector_tbl.c" -mcpu=cortex-m7 -std=gnu99 -g3 -D_NUCLEO_H723_ -c -I"/home/sota/project/stm_mtk3/config" -I"/home/sota/project/stm_mtk3/include" -I"/home/sota/project/stm_mtk3/kernel/knlinc" -O0 -ffunction-sections -fdata-sections -Wall -fstack-usage -fcyclomatic-complexity -MMD -MP -MF"kernel/sysdepend/cpu/stm32l4/vector_tbl.d" -MT"kernel/sysdepend/cpu/stm32l4/vector_tbl.o" --specs=nano.specs -mfpu=fpv5-d16 -mfloat-abi=soft -mthumb -o "kernel/sysdepend/cpu/stm32l4/vector_tbl.o"
arm-none-eabi-gcc "../kernel/sysdepend/cpu/stm32h7/vector_tbl.c" -mcpu=cortex-m7 -std=gnu99 -g3 -D_NUCLEO_H723_ -c -I"/home/sota/project/stm_mtk3/config" -I"/home/sota/project/stm_mtk3/include" -I"/home/sota/project/stm_mtk3/kernel/knlinc" -O0 -ffunction-sections -fdata-sections -Wall -fstack-usage -fcyclomatic-complexity -MMD -MP -MF"kernel/sysdepend/cpu/stm32h7/vector_tbl.d" -MT"kernel/sysdepend/cpu/stm32h7/vector_tbl.o" --specs=nano.specs -mfpu=fpv5-d16 -mfloat-abi=soft -mthumb -o "kernel/sysdepend/cpu/stm32h7/vector_tbl.o"
arm-none-eabi-gcc -mcpu=cortex-m7 -g3 -D_NUCLEO_H723_ -c -I"/home/sota/project/stm_mtk3/config" -I"/home/sota/project/stm_mtk3/include" -I"/home/sota/project/stm_mtk3/kernel/knlinc" -Wa,-W -x assembler-with-cpp -MMD -MP -MF"kernel/sysdepend/cpu/rza2m/sf_boot.d" -MT"kernel/sysdepend/cpu/rza2m/sf_boot.o" --specs=nano.specs -mfpu=fpv5-d16 -mfloat-abi=soft -mthumb -o "kernel/sysdepend/cpu/rza2m/sf_boot.o" "../kernel/sysdepend/cpu/rza2m/sf_boot.S"
arm-none-eabi-gcc "../kernel/sysdepend/cpu/rza2m/ttb_ini.c" -mcpu=cortex-m7 -std=gnu99 -g3 -D_NUCLEO_H723_ -c -I"/home/sota/project/stm_mtk3/config" -I"/home/sota/project/stm_mtk3/include" -I"/home/sota/project/stm_mtk3/kernel/knlinc" -O0 -ffunction-sections -fdata-sections -Wall -fstack-usage -fcyclomatic-complexity -MMD -MP -MF"kernel/sysdepend/cpu/rza2m/ttb_ini.d" -MT"kernel/sysdepend/cpu/rza2m/ttb_ini.o" --specs=nano.specs -mfpu=fpv5-d16 -mfloat-abi=soft -mthumb -o "kernel/sysdepend/cpu/rza2m/ttb_ini.o"
arm-none-eabi-gcc "../kernel/sysdepend/cpu/rx65n/group_int.c" -mcpu=cortex-m7 -std=gnu99 -g3 -D_NUCLEO_H723_ -c -I"/home/sota/project/stm_mtk3/config" -I"/home/sota/project/stm_mtk3/include" -I"/home/sota/project/stm_mtk3/kernel/knlinc" -O0 -ffunction-sections -fdata-sections -Wall -fstack-usage -fcyclomatic-complexity -MMD -MP -MF"kernel/sysdepend/cpu/rx65n/group_int.d" -MT"kernel/sysdepend/cpu/rx65n/group_int.o" --specs=nano.specs -mfpu=fpv5-d16 -mfloat-abi=soft -mthumb -o "kernel/sysdepend/cpu/rx65n/group_int.o"
arm-none-eabi-gcc -mcpu=cortex-m7 -g3 -D_NUCLEO_H723_ -c -I"/home/sota/project/stm_mtk3/config" -I"/home/sota/project/stm_mtk3/include" -I"/home/sota/project/stm_mtk3/kernel/knlinc" -Wa,-W -x assembler-with-cpp -MMD -MP -MF"kernel/sysdepend/cpu/rx65n/hllint_ent.d" -MT"kernel/sysdepend/cpu/rx65n/hllint_ent.o" --specs=nano.specs -mfpu=fpv5-d16 -mfloat-abi=soft -mthumb -o "kernel/sysdepend/cpu/rx65n/hllint_ent.o" "../kernel/sysdepend/cpu/rx65n/hllint_ent.S"
arm-none-eabi-gcc "../kernel/sysdepend/cpu/rx65n/hllint_tbl.c" -mcpu=cortex-m7 -std=gnu99 -g3 -D_NUCLEO_H723_ -c -I"/home/sota/project/stm_mtk3/config" -I"/home/sota/project/stm_mtk3/include" -I"/home/sota/project/stm_mtk3/kernel/knlinc" -O0 -ffunction-sections -fdata-sections -Wall -fstack-usage -fcyclomatic-complexity -MMD -MP -MF"kernel/sysdepend/cpu/rx65n/hllint_tbl.d" -MT"kernel/sysdepend/cpu/rx65n/hllint_tbl.o" --specs=nano.specs -mfpu=fpv5-d16 -mfloat-abi=soft -mthumb -o "kernel/sysdepend/cpu/rx65n/hllint_tbl.o"
arm-none-eabi-gcc "../kernel/sysdepend/cpu/rx65n/intvect_tbl.c" -mcpu=cortex-m7 -std=gnu99 -g3 -D_NUCLEO_H723_ -c -I"/home/sota/project/stm_mtk3/config" -I"/home/sota/project/stm_mtk3/include" -I"/home/sota/project/stm_mtk3/kernel/knlinc" -O0 -ffunction-sections -fdata-sections -Wall -fstack-usage -fcyclomatic-complexity -MMD -MP -MF"kernel/sysdepend/cpu/rx65n/intvect_tbl.d" -MT"kernel/sysdepend/cpu/rx65n/intvect_tbl.o" --specs=nano.specs -mfpu=fpv5-d16 -mfloat-abi=soft -mthumb -o "kernel/sysdepend/cpu/rx65n/intvect_tbl.o"
arm-none-eabi-gcc -mcpu=cortex-m7 -g3 -D_NUCLEO_H723_ -c -I"/home/sota/project/stm_mtk3/config" -I"/home/sota/project/stm_mtk3/include" -I"/home/sota/project/stm_mtk3/kernel/knlinc" -Wa,-W -x assembler-with-cpp -MMD -MP -MF"kernel/sysdepend/cpu/rx231/hllint_ent.d" -MT"kernel/sysdepend/cpu/rx231/hllint_ent.o" --specs=nano.specs -mfpu=fpv5-d16 -mfloat-abi=soft -mthumb -o "kernel/sysdepend/cpu/rx231/hllint_ent.o" "../kernel/sysdepend/cpu/rx231/hllint_ent.S"
arm-none-eabi-gcc "../kernel/sysdepend/cpu/rx231/hllint_tbl.c" -mcpu=cortex-m7 -std=gnu99 -g3 -D_NUCLEO_H723_ -c -I"/home/sota/project/stm_mtk3/config" -I"/home/sota/project/stm_mtk3/include" -I"/home/sota/project/stm_mtk3/kernel/knlinc" -O0 -ffunction-sections -fdata-sections -Wall -fstack-usage -fcyclomatic-complexity -MMD -MP -MF"kernel/sysdepend/cpu/rx231/hllint_tbl.d" -MT"kernel/sysdepend/cpu/rx231/hllint_tbl.o" --specs=nano.specs -mfpu=fpv5-d16 -mfloat-abi=soft -mthumb -o "kernel/sysdepend/cpu/rx231/hllint_tbl.o"
arm-none-eabi-gcc "../kernel/sysdepend/cpu/rx231/intvect_tbl.c" -mcpu=cortex-m7 -std=gnu99 -g3 -D_NUCLEO_H723_ -c -I"/home/sota/project/stm_mtk3/config" -I"/home/sota/project/stm_mtk3/include" -I"/home/sota/project/stm_mtk3/kernel/knlinc" -O0 -ffunction-sections -fdata-sections -Wall -fstack-usage -fcyclomatic-complexity -MMD -MP -MF"kernel/sysdepend/cpu/rx231/intvect_tbl.d" -MT"kernel/sysdepend/cpu/rx231/intvect_tbl.o" --specs=nano.specs -mfpu=fpv5-d16 -mfloat-abi=soft -mthumb -o "kernel/sysdepend/cpu/rx231/intvect_tbl.o"
arm-none-eabi-gcc "../kernel/sysdepend/cpu/rp2040/boot_2nd.c" -mcpu=cortex-m7 -std=gnu99 -g3 -D_NUCLEO_H723_ -c -I"/home/sota/project/stm_mtk3/config" -I"/home/sota/project/stm_mtk3/include" -I"/home/sota/project/stm_mtk3/kernel/knlinc" -O0 -ffunction-sections -fdata-sections -Wall -fstack-usage -fcyclomatic-complexity -MMD -MP -MF"kernel/sysdepend/cpu/rp2040/boot_2nd.d" -MT"kernel/sysdepend/cpu/rp2040/boot_2nd.o" --specs=nano.specs -mfpu=fpv5-d16 -mfloat-abi=soft -mthumb -o "kernel/sysdepend/cpu/rp2040/boot_2nd.o"
arm-none-eabi-gcc "../kernel/sysdepend/cpu/rp2040/vector_tbl.c" -mcpu=cortex-m7 -std=gnu99 -g3 -D_NUCLEO_H723_ -c -I"/home/sota/project/stm_mtk3/config" -I"/home/sota/project/stm_mtk3/include" -I"/home/sota/project/stm_mtk3/kernel/knlinc" -O0 -ffunction-sections -fdata-sections -Wall -fstack-usage -fcyclomatic-complexity -MMD -MP -MF"kernel/sysdepend/cpu/rp2040/vector_tbl.d" -MT"kernel/sysdepend/cpu/rp2040/vector_tbl.o" --specs=nano.specs -mfpu=fpv5-d16 -mfloat-abi=soft -mthumb -o "kernel/sysdepend/cpu/rp2040/vector_tbl.o"
arm-none-eabi-gcc "../kernel/sysdepend/cpu/core/rxv2/cpu_cntl.c" -mcpu=cortex-m7 -std=gnu99 -g3 -D_NUCLEO_H723_ -c -I"/home/sota/project/stm_mtk3/config" -I"/home/sota/project/stm_mtk3/include" -I"/home/sota/project/stm_mtk3/kernel/knlinc" -O0 -ffunction-sections -fdata-sections -Wall -fstack-usage -fcyclomatic-complexity -MMD -MP -MF"kernel/sysdepend/cpu/core/rxv2/cpu_cntl.d" -MT"kernel/sysdepend/cpu/core/rxv2/cpu_cntl.o" --specs=nano.specs -mfpu=fpv5-d16 -mfloat-abi=soft -mthumb -o "kernel/sysdepend/cpu/core/rxv2/cpu_cntl.o"
arm-none-eabi-gcc -mcpu=cortex-m7 -g3 -D_NUCLEO_H723_ -c -I"/home/sota/project/stm_mtk3/config" -I"/home/sota/project/stm_mtk3/include" -I"/home/sota/project/stm_mtk3/kernel/knlinc" -Wa,-W -x assembler-with-cpp -MMD -MP -MF"kernel/sysdepend/cpu/core/rxv2/dispatch.d" -MT"kernel/sysdepend/cpu/core/rxv2/dispatch.o" --specs=nano.specs -mfpu=fpv5-d16 -mfloat-abi=soft -mthumb -o "kernel/sysdepend/cpu/core/rxv2/dispatch.o" "../kernel/sysdepend/cpu/core/rxv2/dispatch.S"
arm-none-eabi-gcc "../kernel/sysdepend/cpu/core/rxv2/exc_hdr.c" -mcpu=cortex-m7 -std=gnu99 -g3 -D_NUCLEO_H723_ -c -I"/home/sota/project/stm_mtk3/config" -I"/home/sota/project/stm_mtk3/include" -I"/home/sota/project/stm_mtk3/kernel/knlinc" -O0 -ffunction-sections -fdata-sections -Wall -fstack-usage -fcyclomatic-complexity -MMD -MP -MF"kernel/sysdepend/cpu/core/rxv2/exc_hdr.d" -MT"kernel/sysdepend/cpu/core/rxv2/exc_hdr.o" --specs=nano.specs -mfpu=fpv5-d16 -mfloat-abi=soft -mthumb -o "kernel/sysdepend/cpu/core/rxv2/exc_hdr.o"
arm-none-eabi-gcc -mcpu=cortex-m7 -g3 -D_NUCLEO_H723_ -c -I"/home/sota/project/stm_mtk3/config" -I"/home/sota/project/stm_mtk3/include" -I"/home/sota/project/stm_mtk3/kernel/knlinc" -Wa,-W -x assembler-with-cpp -MMD -MP -MF"kernel/sysdepend/cpu/core/rxv2/int_asm.d" -MT"kernel/sysdepend/cpu/core/rxv2/int_asm.o" --specs=nano.specs -mfpu=fpv5-d16 -mfloat-abi=soft -mthumb -o "kernel/sysdepend/cpu/core/rxv2/int_asm.o" "../kernel/sysdepend/cpu/core/rxv2/int_asm.S"
arm-none-eabi-gcc "../kernel/sysdepend/cpu/core/rxv2/interrupt.c" -mcpu=cortex-m7 -std=gnu99 -g3 -D_NUCLEO_H723_ -c -I"/home/sota/project/stm_mtk3/config" -I"/home/sota/project/stm_mtk3/include" -I"/home/sota/project/stm_mtk3/kernel/knlinc" -O0 -ffunction-sections -fdata-sections -Wall -fstack-usage -fcyclomatic-complexity -MMD -MP -MF"kernel/sysdepend/cpu/core/rxv2/interrupt.d" -MT"kernel/sysdepend/cpu/core/rxv2/interrupt.o" --specs=nano.specs -mfpu=fpv5-d16 -mfloat-abi=soft -mthumb -o "kernel/sysdepend/cpu/core/rxv2/interrupt.o"
arm-none-eabi-gcc -mcpu=cortex-m7 -g3 -D_NUCLEO_H723_ -c -I"/home/sota/project/stm_mtk3/config" -I"/home/sota/project/stm_mtk3/include" -I"/home/sota/project/stm_mtk3/kernel/knlinc" -Wa,-W -x assembler-with-cpp -MMD -MP -MF"kernel/sysdepend/cpu/core/rxv2/reset_hdl.d" -MT"kernel/sysdepend/cpu/core/rxv2/reset_hdl.o" --specs=nano.specs -mfpu=fpv5-d16 -mfloat-abi=soft -mthumb -o "kernel/sysdepend/cpu/core/rxv2/reset_hdl.o" "../kernel/sysdepend/cpu/core/rxv2/reset_hdl.S"
arm-none-eabi-gcc "../kernel/sysdepend/cpu/core/rxv2/reset_main.c" -mcpu=cortex-m7 -std=gnu99 -g3 -D_NUCLEO_H723_ -c -I"/home/sota/project/stm_mtk3/config" -I"/home/sota/project/stm_mtk3/include" -I"/home/sota/project/stm_mtk3/kernel/knlinc" -O0 -ffunction-sections -fdata-sections -Wall -fstack-usage -fcyclomatic-complexity -MMD -MP -MF"kernel/sysdepend/cpu/core/rxv2/reset_main.d" -MT"kernel/sysdepend/cpu/core/rxv2/reset_main.o" --specs=nano.specs -mfpu=fpv5-d16 -mfloat-abi=soft -mthumb -o "kernel/sysdepend/cpu/core/rxv2/reset_main.o"
arm-none-eabi-gcc "../kernel/sysdepend/cpu/core/rxv2/vector_tbl.c" -mcpu=cortex-m7 -std=gnu99 -g3 -D_NUCLEO_H723_ -c -I"/home/sota/project/stm_mtk3/config" -I"/home/sota/project/stm_mtk3/include" -I"/home/sota/project/stm_mtk3/kernel/knlinc" -O0 -ffunction-sections -fdata-sections -Wall -fstack-usage -fcyclomatic-complexity -MMD -MP -MF"kernel/sysdepend/cpu/core/rxv2/vector_tbl.d" -MT"kernel/sysdepend/cpu/core/rxv2/vector_tbl.o" --specs=nano.specs -mfpu=fpv5-d16 -mfloat-abi=soft -mthumb -o "kernel/sysdepend/cpu/core/rxv2/vector_tbl.o"
arm-none-eabi-gcc "../kernel/sysdepend/cpu/core/armv7m/cpu_cntl.c" -mcpu=cortex-m7 -std=gnu99 -g3 -D_NUCLEO_H723_ -c -I"/home/sota/project/stm_mtk3/config" -I"/home/sota/project/stm_mtk3/include" -I"/home/sota/project/stm_mtk3/kernel/knlinc" -O0 -ffunction-sections -fdata-sections -Wall -fstack-usage -fcyclomatic-complexity -MMD -MP -MF"kernel/sysdepend/cpu/core/armv7m/cpu_cntl.d" -MT"kernel/sysdepend/cpu/core/armv7m/cpu_cntl.o" --specs=nano.specs -mfpu=fpv5-d16 -mfloat-abi=soft -mthumb -o "kernel/sysdepend/cpu/core/armv7m/cpu_cntl.o"
arm-none-eabi-gcc -mcpu=cortex-m7 -g3 -D_NUCLEO_H723_ -c -I"/home/sota/project/stm_mtk3/config" -I"/home/sota/project/stm_mtk3/include" -I"/home/sota/project/stm_mtk3/kernel/knlinc" -Wa,-W -x assembler-with-cpp -MMD -MP -MF"kernel/sysdepend/cpu/core/armv7m/dispatch.d" -MT"kernel/sysdepend/cpu/core/armv7m/dispatch.o" --specs=nano.specs -mfpu=fpv5-d16 -mfloat-abi=soft -mthumb -o "kernel/sysdepend/cpu/core/armv7m/dispatch.o" "../kernel/sysdepend/cpu/core/armv7m/dispatch.S"
arm-none-eabi-gcc "../kernel/sysdepend/cpu/core/armv7m/exc_hdr.c" -mcpu=cortex-m7 -std=gnu99 -g3 -D_NUCLEO_H723_ -c -I"/home/sota/project/stm_mtk3/config" -I"/home/sota/project/stm_mtk3/include" -I"/home/sota/project/stm_mtk3/kernel/knlinc" -O0 -ffunction-sections -fdata-sections -Wall -fstack-usage -fcyclomatic-complexity -MMD -MP -MF"kernel/sysdepend/cpu/core/armv7m/exc_hdr.d" -MT"kernel/sysdepend/cpu/core/armv7m/exc_hdr.o" --specs=nano.specs -mfpu=fpv5-d16 -mfloat-abi=soft -mthumb -o "kernel/sysdepend/cpu/core/armv7m/exc_hdr.o"
arm-none-eabi-gcc "../kernel/sysdepend/cpu/core/armv7m/interrupt.c" -mcpu=cortex-m7 -std=gnu99 -g3 -D_NUCLEO_H723_ -c -I"/home/sota/project/stm_mtk3/config" -I"/home/sota/project/stm_mtk3/include" -I"/home/sota/project/stm_mtk3/kernel/knlinc" -O0 -ffunction-sections -fdata-sections -Wall -fstack-usage -fcyclomatic-complexity -MMD -MP -MF"kernel/sysdepend/cpu/core/armv7m/interrupt.d" -MT"kernel/sysdepend/cpu/core/armv7m/interrupt.o" --specs=nano.specs -mfpu=fpv5-d16 -mfloat-abi=soft -mthumb -o "kernel/sysdepend/cpu/core/armv7m/interrupt.o"
arm-none-eabi-gcc "../kernel/sysdepend/cpu/core/armv7m/reset_hdl.c" -mcpu=cortex-m7 -std=gnu99 -g3 -D_NUCLEO_H723_ -c -I"/home/sota/project/stm_mtk3/config" -I"/home/sota/project/stm_mtk3/include" -I"/home/sota/project/stm_mtk3/kernel/knlinc" -O0 -ffunction-sections -fdata-sections -Wall -fstack-usage -fcyclomatic-complexity -MMD -MP -MF"kernel/sysdepend/cpu/core/armv7m/reset_hdl.d" -MT"kernel/sysdepend/cpu/core/armv7m/reset_hdl.o" --specs=nano.specs -mfpu=fpv5-d16 -mfloat-abi=soft -mthumb -o "kernel/sysdepend/cpu/core/armv7m/reset_hdl.o"
arm-none-eabi-gcc "../kernel/sysdepend/cpu/core/armv7a/cpu_cntl.c" -mcpu=cortex-m7 -std=gnu99 -g3 -D_NUCLEO_H723_ -c -I"/home/sota/project/stm_mtk3/config" -I"/home/sota/project/stm_mtk3/include" -I"/home/sota/project/stm_mtk3/kernel/knlinc" -O0 -ffunction-sections -fdata-sections -Wall -fstack-usage -fcyclomatic-complexity -MMD -MP -MF"kernel/sysdepend/cpu/core/armv7a/cpu_cntl.d" -MT"kernel/sysdepend/cpu/core/armv7a/cpu_cntl.o" --specs=nano.specs -mfpu=fpv5-d16 -mfloat-abi=soft -mthumb -o "kernel/sysdepend/cpu/core/armv7a/cpu_cntl.o"
arm-none-eabi-gcc -mcpu=cortex-m7 -g3 -D_NUCLEO_H723_ -c -I"/home/sota/project/stm_mtk3/config" -I"/home/sota/project/stm_mtk3/include" -I"/home/sota/project/stm_mtk3/kernel/knlinc" -Wa,-W -x assembler-with-cpp -MMD -MP -MF"kernel/sysdepend/cpu/core/armv7a/dispatch.d" -MT"kernel/sysdepend/cpu/core/armv7a/dispatch.o" --specs=nano.specs -mfpu=fpv5-d16 -mfloat-abi=soft -mthumb -o "kernel/sysdepend/cpu/core/armv7a/dispatch.o" "../kernel/sysdepend/cpu/core/armv7a/dispatch.S"
arm-none-eabi-gcc -mcpu=cortex-m7 -g3 -D_NUCLEO_H723_ -c -I"/home/sota/project/stm_mtk3/config" -I"/home/sota/project/stm_mtk3/include" -I"/home/sota/project/stm_mtk3/kernel/knlinc" -Wa,-W -x assembler-with-cpp -MMD -MP -MF"kernel/sysdepend/cpu/core/armv7a/exc_entry.d" -MT"kernel/sysdepend/cpu/core/armv7a/exc_entry.o" --specs=nano.specs -mfpu=fpv5-d16 -mfloat-abi=soft -mthumb -o "kernel/sysdepend/cpu/core/armv7a/exc_entry.o" "../kernel/sysdepend/cpu/core/armv7a/exc_entry.S"
arm-none-eabi-gcc "../kernel/sysdepend/cpu/core/armv7a/exc_hdl.c" -mcpu=cortex-m7 -std=gnu99 -g3 -D_NUCLEO_H723_ -c -I"/home/sota/project/stm_mtk3/config" -I"/home/sota/project/stm_mtk3/include" -I"/home/sota/project/stm_mtk3/kernel/knlinc" -O0 -ffunction-sections -fdata-sections -Wall -fstack-usage -fcyclomatic-complexity -MMD -MP -MF"kernel/sysdepend/cpu/core/armv7a/exc_hdl.d" -MT"kernel/sysdepend/cpu/core/armv7a/exc_hdl.o" --specs=nano.specs -mfpu=fpv5-d16 -mfloat-abi=soft -mthumb -o "kernel/sysdepend/cpu/core/armv7a/exc_hdl.o"
arm-none-eabi-gcc -mcpu=cortex-m7 -g3 -D_NUCLEO_H723_ -c -I"/home/sota/project/stm_mtk3/config" -I"/home/sota/project/stm_mtk3/include" -I"/home/sota/project/stm_mtk3/kernel/knlinc" -Wa,-W -x assembler-with-cpp -MMD -MP -MF"kernel/sysdepend/cpu/core/armv7a/int_asm.d" -MT"kernel/sysdepend/cpu/core/armv7a/int_asm.o" --specs=nano.specs -mfpu=fpv5-d16 -mfloat-abi=soft -mthumb -o "kernel/sysdepend/cpu/core/armv7a/int_asm.o" "../kernel/sysdepend/cpu/core/armv7a/int_asm.S"
arm-none-eabi-gcc "../kernel/sysdepend/cpu/core/armv7a/interrupt.c" -mcpu=cortex-m7 -std=gnu99 -g3 -D_NUCLEO_H723_ -c -I"/home/sota/project/stm_mtk3/config" -I"/home/sota/project/stm_mtk3/include" -I"/home/sota/project/stm_mtk3/kernel/knlinc" -O0 -ffunction-sections -fdata-sections -Wall -fstack-usage -fcyclomatic-complexity -MMD -MP -MF"kernel/sysdepend/cpu/core/armv7a/interrupt.d" -MT"kernel/sysdepend/cpu/core/armv7a/interrupt.o" --specs=nano.specs -mfpu=fpv5-d16 -mfloat-abi=soft -mthumb -o "kernel/sysdepend/cpu/core/armv7a/interrupt.o"
arm-none-eabi-gcc -mcpu=cortex-m7 -g3 -D_NUCLEO_H723_ -c -I"/home/sota/project/stm_mtk3/config" -I"/home/sota/project/stm_mtk3/include" -I"/home/sota/project/stm_mtk3/kernel/knlinc" -Wa,-W -x assembler-with-cpp -MMD -MP -MF"kernel/sysdepend/cpu/core/armv7a/reset_hdl.d" -MT"kernel/sysdepend/cpu/core/armv7a/reset_hdl.o" --specs=nano.specs -mfpu=fpv5-d16 -mfloat-abi=soft -mthumb -o "kernel/sysdepend/cpu/core/armv7a/reset_hdl.o" "../kernel/sysdepend/cpu/core/armv7a/reset_hdl.S"
arm-none-eabi-gcc "../kernel/sysdepend/cpu/core/armv7a/reset_main.c" -mcpu=cortex-m7 -std=gnu99 -g3 -D_NUCLEO_H723_ -c -I"/home/sota/project/stm_mtk3/config" -I"/home/sota/project/stm_mtk3/include" -I"/home/sota/project/stm_mtk3/kernel/knlinc" -O0 -ffunction-sections -fdata-sections -Wall -fstack-usage -fcyclomatic-complexity -MMD -MP -MF"kernel/sysdepend/cpu/core/armv7a/reset_main.d" -MT"kernel/sysdepend/cpu/core/armv7a/reset_main.o" --specs=nano.specs -mfpu=fpv5-d16 -mfloat-abi=soft -mthumb -o "kernel/sysdepend/cpu/core/armv7a/reset_main.o"
arm-none-eabi-gcc -mcpu=cortex-m7 -g3 -D_NUCLEO_H723_ -c -I"/home/sota/project/stm_mtk3/config" -I"/home/sota/project/stm_mtk3/include" -I"/home/sota/project/stm_mtk3/kernel/knlinc" -Wa,-W -x assembler-with-cpp -MMD -MP -MF"kernel/sysdepend/cpu/core/armv7a/vector_tbl.d" -MT"kernel/sysdepend/cpu/core/armv7a/vector_tbl.o" --specs=nano.specs -mfpu=fpv5-d16 -mfloat-abi=soft -mthumb -o "kernel/sysdepend/cpu/core/armv7a/vector_tbl.o" "../kernel/sysdepend/cpu/core/armv7a/vector_tbl.S"
arm-none-eabi-gcc "../kernel/sysdepend/cpu/core/armv6m/cpu_cntl.c" -mcpu=cortex-m7 -std=gnu99 -g3 -D_NUCLEO_H723_ -c -I"/home/sota/project/stm_mtk3/config" -I"/home/sota/project/stm_mtk3/include" -I"/home/sota/project/stm_mtk3/kernel/knlinc" -O0 -ffunction-sections -fdata-sections -Wall -fstack-usage -fcyclomatic-complexity -MMD -MP -MF"kernel/sysdepend/cpu/core/armv6m/cpu_cntl.d" -MT"kernel/sysdepend/cpu/core/armv6m/cpu_cntl.o" --specs=nano.specs -mfpu=fpv5-d16 -mfloat-abi=soft -mthumb -o "kernel/sysdepend/cpu/core/armv6m/cpu_cntl.o"
arm-none-eabi-gcc -mcpu=cortex-m7 -g3 -D_NUCLEO_H723_ -c -I"/home/sota/project/stm_mtk3/config" -I"/home/sota/project/stm_mtk3/include" -I"/home/sota/project/stm_mtk3/kernel/knlinc" -Wa,-W -x assembler-with-cpp -MMD -MP -MF"kernel/sysdepend/cpu/core/armv6m/dispatch.d" -MT"kernel/sysdepend/cpu/core/armv6m/dispatch.o" --specs=nano.specs -mfpu=fpv5-d16 -mfloat-abi=soft -mthumb -o "kernel/sysdepend/cpu/core/armv6m/dispatch.o" "../kernel/sysdepend/cpu/core/armv6m/dispatch.S"
arm-none-eabi-gcc "../kernel/sysdepend/cpu/core/armv6m/exc_hdr.c" -mcpu=cortex-m7 -std=gnu99 -g3 -D_NUCLEO_H723_ -c -I"/home/sota/project/stm_mtk3/config" -I"/home/sota/project/stm_mtk3/include" -I"/home/sota/project/stm_mtk3/kernel/knlinc" -O0 -ffunction-sections -fdata-sections -Wall -fstack-usage -fcyclomatic-complexity -MMD -MP -MF"kernel/sysdepend/cpu/core/armv6m/exc_hdr.d" -MT"kernel/sysdepend/cpu/core/armv6m/exc_hdr.o" --specs=nano.specs -mfpu=fpv5-d16 -mfloat-abi=soft -mthumb -o "kernel/sysdepend/cpu/core/armv6m/exc_hdr.o"
arm-none-eabi-gcc "../kernel/sysdepend/cpu/core/armv6m/interrupt.c" -mcpu=cortex-m7 -std=gnu99 -g3 -D_NUCLEO_H723_ -c -I"/home/sota/project/stm_mtk3/config" -I"/home/sota/project/stm_mtk3/include" -I"/home/sota/project/stm_mtk3/kernel/knlinc" -O0 -ffunction-sections -fdata-sections -Wall -fstack-usage -fcyclomatic-complexity -MMD -MP -MF"kernel/sysdepend/cpu/core/armv6m/interrupt.d" -MT"kernel/sysdepend/cpu/core/armv6m/interrupt.o" --specs=nano.specs -mfpu=fpv5-d16 -mfloat-abi=soft -mthumb -o "kernel/sysdepend/cpu/core/armv6m/interrupt.o"
arm-none-eabi-gcc "../kernel/sysdepend/cpu/core/armv6m/reset_hdl.c" -mcpu=cortex-m7 -std=gnu99 -g3 -D_NUCLEO_H723_ -c -I"/home/sota/project/stm_mtk3/config" -I"/home/sota/project/stm_mtk3/include" -I"/home/sota/project/stm_mtk3/kernel/knlinc" -O0 -ffunction-sections -fdata-sections -Wall -fstack-usage -fcyclomatic-complexity -MMD -MP -MF"kernel/sysdepend/cpu/core/armv6m/reset_hdl.d" -MT"kernel/sysdepend/cpu/core/armv6m/reset_hdl.o" --specs=nano.specs -mfpu=fpv5-d16 -mfloat-abi=soft -mthumb -o "kernel/sysdepend/cpu/core/armv6m/reset_hdl.o"
arm-none-eabi-gcc "../kernel/inittask/inittask.c" -mcpu=cortex-m7 -std=gnu99 -g3 -D_NUCLEO_H723_ -c -I"/home/sota/project/stm_mtk3/config" -I"/home/sota/project/stm_mtk3/include" -I"/home/sota/project/stm_mtk3/kernel/knlinc" -O0 -ffunction-sections -fdata-sections -Wall -fstack-usage -fcyclomatic-complexity -MMD -MP -MF"kernel/inittask/inittask.d" -MT"kernel/inittask/inittask.o" --specs=nano.specs -mfpu=fpv5-d16 -mfloat-abi=soft -mthumb -o "kernel/inittask/inittask.o"
arm-none-eabi-gcc "../device/ser/sysdepend/tx03_m367/ser_m367.c" -mcpu=cortex-m7 -std=gnu99 -g3 -D_NUCLEO_H723_ -c -I"/home/sota/project/stm_mtk3/config" -I"/home/sota/project/stm_mtk3/include" -I"/home/sota/project/stm_mtk3/kernel/knlinc" -O0 -ffunction-sections -fdata-sections -Wall -fstack-usage -fcyclomatic-complexity -MMD -MP -MF"device/ser/sysdepend/tx03_m367/ser_m367.d" -MT"device/ser/sysdepend/tx03_m367/ser_m367.o" --specs=nano.specs -mfpu=fpv5-d16 -mfloat-abi=soft -mthumb -o "device/ser/sysdepend/tx03_m367/ser_m367.o"
arm-none-eabi-gcc "../device/ser/sysdepend/stm32l4/ser_stm32l4.c" -mcpu=cortex-m7 -std=gnu99 -g3 -D_NUCLEO_H723_ -c -I"/home/sota/project/stm_mtk3/config" -I"/home/sota/project/stm_mtk3/include" -I"/home/sota/project/stm_mtk3/kernel/knlinc" -O0 -ffunction-sections -fdata-sections -Wall -fstack-usage -fcyclomatic-complexity -MMD -MP -MF"device/ser/sysdepend/stm32l4/ser_stm32l4.d" -MT"device/ser/sysdepend/stm32l4/ser_stm32l4.o" --specs=nano.specs -mfpu=fpv5-d16 -mfloat-abi=soft -mthumb -o "device/ser/sysdepend/stm32l4/ser_stm32l4.o"
arm-none-eabi-gcc "../device/ser/sysdepend/stm32h7/ser_stm32h7.c" -mcpu=cortex-m7 -std=gnu99 -g3 -D_NUCLEO_H723_ -c -I"/home/sota/project/stm_mtk3/config" -I"/home/sota/project/stm_mtk3/include" -I"/home/sota/project/stm_mtk3/kernel/knlinc" -O0 -ffunction-sections -fdata-sections -Wall -fstack-usage -fcyclomatic-complexity -MMD -MP -MF"device/ser/sysdepend/stm32h7/ser_stm32h7.d" -MT"device/ser/sysdepend/stm32h7/ser_stm32h7.o" --specs=nano.specs -mfpu=fpv5-d16 -mfloat-abi=soft -mthumb -o "device/ser/sysdepend/stm32h7/ser_stm32h7.o"
arm-none-eabi-gcc "../device/ser/sysdepend/rza2m/ser_rza2m.c" -mcpu=cortex-m7 -std=gnu99 -g3 -D_NUCLEO_H723_ -c -I"/home/sota/project/stm_mtk3/config" -I"/home/sota/project/stm_mtk3/include" -I"/home/sota/project/stm_mtk3/kernel/knlinc" -O0 -ffunction-sections -fdata-sections -Wall -fstack-usage -fcyclomatic-complexity -MMD -MP -MF"device/ser/sysdepend/rza2m/ser_rza2m.d" -MT"device/ser/sysdepend/rza2m/ser_rza2m.o" --specs=nano.specs -mfpu=fpv5-d16 -mfloat-abi=soft -mthumb -o "device/ser/sysdepend/rza2m/ser_rza2m.o"
arm-none-eabi-gcc "../device/ser/sysdepend/rx65n/ser_rx65n.c" -mcpu=cortex-m7 -std=gnu99 -g3 -D_NUCLEO_H723_ -c -I"/home/sota/project/stm_mtk3/config" -I"/home/sota/project/stm_mtk3/include" -I"/home/sota/project/stm_mtk3/kernel/knlinc" -O0 -ffunction-sections -fdata-sections -Wall -fstack-usage -fcyclomatic-complexity -MMD -MP -MF"device/ser/sysdepend/rx65n/ser_rx65n.d" -MT"device/ser/sysdepend/rx65n/ser_rx65n.o" --specs=nano.specs -mfpu=fpv5-d16 -mfloat-abi=soft -mthumb -o "device/ser/sysdepend/rx65n/ser_rx65n.o"
arm-none-eabi-gcc "../device/ser/sysdepend/rx231/ser_rx231.c" -mcpu=cortex-m7 -std=gnu99 -g3 -D_NUCLEO_H723_ -c -I"/home/sota/project/stm_mtk3/config" -I"/home/sota/project/stm_mtk3/include" -I"/home/sota/project/stm_mtk3/kernel/knlinc" -O0 -ffunction-sections -fdata-sections -Wall -fstack-usage -fcyclomatic-complexity -MMD -MP -MF"device/ser/sysdepend/rx231/ser_rx231.d" -MT"device/ser/sysdepend/rx231/ser_rx231.o" --specs=nano.specs -mfpu=fpv5-d16 -mfloat-abi=soft -mthumb -o "device/ser/sysdepend/rx231/ser_rx231.o"
arm-none-eabi-gcc "../device/ser/sysdepend/rp2040/ser_rp2040.c" -mcpu=cortex-m7 -std=gnu99 -g3 -D_NUCLEO_H723_ -c -I"/home/sota/project/stm_mtk3/config" -I"/home/sota/project/stm_mtk3/include" -I"/home/sota/project/stm_mtk3/kernel/knlinc" -O0 -ffunction-sections -fdata-sections -Wall -fstack-usage -fcyclomatic-complexity -MMD -MP -MF"device/ser/sysdepend/rp2040/ser_rp2040.d" -MT"device/ser/sysdepend/rp2040/ser_rp2040.o" --specs=nano.specs -mfpu=fpv5-d16 -mfloat-abi=soft -mthumb -o "device/ser/sysdepend/rp2040/ser_rp2040.o"
arm-none-eabi-gcc "../device/ser/ser.c" -mcpu=cortex-m7 -std=gnu99 -g3 -D_NUCLEO_H723_ -c -I"/home/sota/project/stm_mtk3/config" -I"/home/sota/project/stm_mtk3/include" -I"/home/sota/project/stm_mtk3/kernel/knlinc" -O0 -ffunction-sections -fdata-sections -Wall -fstack-usage -fcyclomatic-complexity -MMD -MP -MF"device/ser/ser.d" -MT"device/ser/ser.o" --specs=nano.specs -mfpu=fpv5-d16 -mfloat-abi=soft -mthumb -o "device/ser/ser.o"
arm-none-eabi-gcc "../device/i2c/sysdepend/tx03_m367/i2c_m367.c" -mcpu=cortex-m7 -std=gnu99 -g3 -D_NUCLEO_H723_ -c -I"/home/sota/project/stm_mtk3/config" -I"/home/sota/project/stm_mtk3/include" -I"/home/sota/project/stm_mtk3/kernel/knlinc" -O0 -ffunction-sections -fdata-sections -Wall -fstack-usage -fcyclomatic-complexity -MMD -MP -MF"device/i2c/sysdepend/tx03_m367/i2c_m367.d" -MT"device/i2c/sysdepend/tx03_m367/i2c_m367.o" --specs=nano.specs -mfpu=fpv5-d16 -mfloat-abi=soft -mthumb -o "device/i2c/sysdepend/tx03_m367/i2c_m367.o"
arm-none-eabi-gcc "../device/i2c/sysdepend/stm32l4/i2c_stm32l4.c" -mcpu=cortex-m7 -std=gnu99 -g3 -D_NUCLEO_H723_ -c -I"/home/sota/project/stm_mtk3/config" -I"/home/sota/project/stm_mtk3/include" -I"/home/sota/project/stm_mtk3/kernel/knlinc" -O0 -ffunction-sections -fdata-sections -Wall -fstack-usage -fcyclomatic-complexity -MMD -MP -MF"device/i2c/sysdepend/stm32l4/i2c_stm32l4.d" -MT"device/i2c/sysdepend/stm32l4/i2c_stm32l4.o" --specs=nano.specs -mfpu=fpv5-d16 -mfloat-abi=soft -mthumb -o "device/i2c/sysdepend/stm32l4/i2c_stm32l4.o"
arm-none-eabi-gcc "../device/i2c/sysdepend/stm32h7/i2c_stm32h7.c" -mcpu=cortex-m7 -std=gnu99 -g3 -D_NUCLEO_H723_ -c -I"/home/sota/project/stm_mtk3/config" -I"/home/sota/project/stm_mtk3/include" -I"/home/sota/project/stm_mtk3/kernel/knlinc" -O0 -ffunction-sections -fdata-sections -Wall -fstack-usage -fcyclomatic-complexity -MMD -MP -MF"device/i2c/sysdepend/stm32h7/i2c_stm32h7.d" -MT"device/i2c/sysdepend/stm32h7/i2c_stm32h7.o" --specs=nano.specs -mfpu=fpv5-d16 -mfloat-abi=soft -mthumb -o "device/i2c/sysdepend/stm32h7/i2c_stm32h7.o"
arm-none-eabi-gcc "../device/i2c/sysdepend/rza2m/i2c_rza2m.c" -mcpu=cortex-m7 -std=gnu99 -g3 -D_NUCLEO_H723_ -c -I"/home/sota/project/stm_mtk3/config" -I"/home/sota/project/stm_mtk3/include" -I"/home/sota/project/stm_mtk3/kernel/knlinc" -O0 -ffunction-sections -fdata-sections -Wall -fstack-usage -fcyclomatic-complexity -MMD -MP -MF"device/i2c/sysdepend/rza2m/i2c_rza2m.d" -MT"device/i2c/sysdepend/rza2m/i2c_rza2m.o" --specs=nano.specs -mfpu=fpv5-d16 -mfloat-abi=soft -mthumb -o "device/i2c/sysdepend/rza2m/i2c_rza2m.o"
arm-none-eabi-gcc "../device/i2c/sysdepend/rx65n/i2c_rx65n.c" -mcpu=cortex-m7 -std=gnu99 -g3 -D_NUCLEO_H723_ -c -I"/home/sota/project/stm_mtk3/config" -I"/home/sota/project/stm_mtk3/include" -I"/home/sota/project/stm_mtk3/kernel/knlinc" -O0 -ffunction-sections -fdata-sections -Wall -fstack-usage -fcyclomatic-complexity -MMD -MP -MF"device/i2c/sysdepend/rx65n/i2c_rx65n.d" -MT"device/i2c/sysdepend/rx65n/i2c_rx65n.o" --specs=nano.specs -mfpu=fpv5-d16 -mfloat-abi=soft -mthumb -o "device/i2c/sysdepend/rx65n/i2c_rx65n.o"
arm-none-eabi-gcc "../device/i2c/sysdepend/rx231/i2c_rx231.c" -mcpu=cortex-m7 -std=gnu99 -g3 -D_NUCLEO_H723_ -c -I"/home/sota/project/stm_mtk3/config" -I"/home/sota/project/stm_mtk3/include" -I"/home/sota/project/stm_mtk3/kernel/knlinc" -O0 -ffunction-sections -fdata-sections -Wall -fstack-usage -fcyclomatic-complexity -MMD -MP -MF"device/i2c/sysdepend/rx231/i2c_rx231.d" -MT"device/i2c/sysdepend/rx231/i2c_rx231.o" --specs=nano.specs -mfpu=fpv5-d16 -mfloat-abi=soft -mthumb -o "device/i2c/sysdepend/rx231/i2c_rx231.o"
arm-none-eabi-gcc "../device/i2c/sysdepend/rp2040/i2c_rp2040.c" -mcpu=cortex-m7 -std=gnu99 -g3 -D_NUCLEO_H723_ -c -I"/home/sota/project/stm_mtk3/config" -I"/home/sota/project/stm_mtk3/include" -I"/home/sota/project/stm_mtk3/kernel/knlinc" -O0 -ffunction-sections -fdata-sections -Wall -fstack-usage -fcyclomatic-complexity -MMD -MP -MF"device/i2c/sysdepend/rp2040/i2c_rp2040.d" -MT"device/i2c/sysdepend/rp2040/i2c_rp2040.o" --specs=nano.specs -mfpu=fpv5-d16 -mfloat-abi=soft -mthumb -o "device/i2c/sysdepend/rp2040/i2c_rp2040.o"
arm-none-eabi-gcc "../device/i2c/i2c.c" -mcpu=cortex-m7 -std=gnu99 -g3 -D_NUCLEO_H723_ -c -I"/home/sota/project/stm_mtk3/config" -I"/home/sota/project/stm_mtk3/include" -I"/home/sota/project/stm_mtk3/kernel/knlinc" -O0 -ffunction-sections -fdata-sections -Wall -fstack-usage -fcyclomatic-complexity -MMD -MP -MF"device/i2c/i2c.d" -MT"device/i2c/i2c.o" --specs=nano.specs -mfpu=fpv5-d16 -mfloat-abi=soft -mthumb -o "device/i2c/i2c.o"
arm-none-eabi-gcc "../device/common/drvif/msdrvif.c" -mcpu=cortex-m7 -std=gnu99 -g3 -D_NUCLEO_H723_ -c -I"/home/sota/project/stm_mtk3/config" -I"/home/sota/project/stm_mtk3/include" -I"/home/sota/project/stm_mtk3/kernel/knlinc" -O0 -ffunction-sections -fdata-sections -Wall -fstack-usage -fcyclomatic-complexity -MMD -MP -MF"device/common/drvif/msdrvif.d" -MT"device/common/drvif/msdrvif.o" --specs=nano.specs -mfpu=fpv5-d16 -mfloat-abi=soft -mthumb -o "device/common/drvif/msdrvif.o"
arm-none-eabi-gcc "../device/adc/sysdepend/tx03_m367/adc_m367.c" -mcpu=cortex-m7 -std=gnu99 -g3 -D_NUCLEO_H723_ -c -I"/home/sota/project/stm_mtk3/config" -I"/home/sota/project/stm_mtk3/include" -I"/home/sota/project/stm_mtk3/kernel/knlinc" -O0 -ffunction-sections -fdata-sections -Wall -fstack-usage -fcyclomatic-complexity -MMD -MP -MF"device/adc/sysdepend/tx03_m367/adc_m367.d" -MT"device/adc/sysdepend/tx03_m367/adc_m367.o" --specs=nano.specs -mfpu=fpv5-d16 -mfloat-abi=soft -mthumb -o "device/adc/sysdepend/tx03_m367/adc_m367.o"
arm-none-eabi-gcc "../device/adc/sysdepend/stm32l4/adc_stm32l4.c" -mcpu=cortex-m7 -std=gnu99 -g3 -D_NUCLEO_H723_ -c -I"/home/sota/project/stm_mtk3/config" -I"/home/sota/project/stm_mtk3/include" -I"/home/sota/project/stm_mtk3/kernel/knlinc" -O0 -ffunction-sections -fdata-sections -Wall -fstack-usage -fcyclomatic-complexity -MMD -MP -MF"device/adc/sysdepend/stm32l4/adc_stm32l4.d" -MT"device/adc/sysdepend/stm32l4/adc_stm32l4.o" --specs=nano.specs -mfpu=fpv5-d16 -mfloat-abi=soft -mthumb -o "device/adc/sysdepend/stm32l4/adc_stm32l4.o"
arm-none-eabi-gcc "../device/adc/sysdepend/stm32h7/adc_stm32h7.c" -mcpu=cortex-m7 -std=gnu99 -g3 -D_NUCLEO_H723_ -c -I"/home/sota/project/stm_mtk3/config" -I"/home/sota/project/stm_mtk3/include" -I"/home/sota/project/stm_mtk3/kernel/knlinc" -O0 -ffunction-sections -fdata-sections -Wall -fstack-usage -fcyclomatic-complexity -MMD -MP -MF"device/adc/sysdepend/stm32h7/adc_stm32h7.d" -MT"device/adc/sysdepend/stm32h7/adc_stm32h7.o" --specs=nano.specs -mfpu=fpv5-d16 -mfloat-abi=soft -mthumb -o "device/adc/sysdepend/stm32h7/adc_stm32h7.o"
arm-none-eabi-gcc "../device/adc/sysdepend/rza2m/adc_rza2m.c" -mcpu=cortex-m7 -std=gnu99 -g3 -D_NUCLEO_H723_ -c -I"/home/sota/project/stm_mtk3/config" -I"/home/sota/project/stm_mtk3/include" -I"/home/sota/project/stm_mtk3/kernel/knlinc" -O0 -ffunction-sections -fdata-sections -Wall -fstack-usage -fcyclomatic-complexity -MMD -MP -MF"device/adc/sysdepend/rza2m/adc_rza2m.d" -MT"device/adc/sysdepend/rza2m/adc_rza2m.o" --specs=nano.specs -mfpu=fpv5-d16 -mfloat-abi=soft -mthumb -o "device/adc/sysdepend/rza2m/adc_rza2m.o"
arm-none-eabi-gcc "../device/adc/sysdepend/rx65n/adc_rx65n.c" -mcpu=cortex-m7 -std=gnu99 -g3 -D_NUCLEO_H723_ -c -I"/home/sota/project/stm_mtk3/config" -I"/home/sota/project/stm_mtk3/include" -I"/home/sota/project/stm_mtk3/kernel/knlinc" -O0 -ffunction-sections -fdata-sections -Wall -fstack-usage -fcyclomatic-complexity -MMD -MP -MF"device/adc/sysdepend/rx65n/adc_rx65n.d" -MT"device/adc/sysdepend/rx65n/adc_rx65n.o" --specs=nano.specs -mfpu=fpv5-d16 -mfloat-abi=soft -mthumb -o "device/adc/sysdepend/rx65n/adc_rx65n.o"
arm-none-eabi-gcc "../device/adc/sysdepend/rx231/adc_rx231.c" -mcpu=cortex-m7 -std=gnu99 -g3 -D_NUCLEO_H723_ -c -I"/home/sota/project/stm_mtk3/config" -I"/home/sota/project/stm_mtk3/include" -I"/home/sota/project/stm_mtk3/kernel/knlinc" -O0 -ffunction-sections -fdata-sections -Wall -fstack-usage -fcyclomatic-complexity -MMD -MP -MF"device/adc/sysdepend/rx231/adc_rx231.d" -MT"device/adc/sysdepend/rx231/adc_rx231.o" --specs=nano.specs -mfpu=fpv5-d16 -mfloat-abi=soft -mthumb -o "device/adc/sysdepend/rx231/adc_rx231.o"
arm-none-eabi-gcc "../device/adc/sysdepend/rp2040/adc_rp2040.c" -mcpu=cortex-m7 -std=gnu99 -g3 -D_NUCLEO_H723_ -c -I"/home/sota/project/stm_mtk3/config" -I"/home/sota/project/stm_mtk3/include" -I"/home/sota/project/stm_mtk3/kernel/knlinc" -O0 -ffunction-sections -fdata-sections -Wall -fstack-usage -fcyclomatic-complexity -MMD -MP -MF"device/adc/sysdepend/rp2040/adc_rp2040.d" -MT"device/adc/sysdepend/rp2040/adc_rp2040.o" --specs=nano.specs -mfpu=fpv5-d16 -mfloat-abi=soft -mthumb -o "device/adc/sysdepend/rp2040/adc_rp2040.o"
arm-none-eabi-gcc "../device/adc/adc.c" -mcpu=cortex-m7 -std=gnu99 -g3 -D_NUCLEO_H723_ -c -I"/home/sota/project/stm_mtk3/config" -I"/home/sota/project/stm_mtk3/include" -I"/home/sota/project/stm_mtk3/kernel/knlinc" -O0 -ffunction-sections -fdata-sections -Wall -fstack-usage -fcyclomatic-complexity -MMD -MP -MF"device/adc/adc.d" -MT"device/adc/adc.o" --specs=nano.specs -mfpu=fpv5-d16 -mfloat-abi=soft -mthumb -o "device/adc/adc.o"
arm-none-eabi-gcc "../app_program/app_main.c" -mcpu=cortex-m7 -std=gnu99 -g3 -D_NUCLEO_H723_ -c -I"/home/sota/project/stm_mtk3/config" -I"/home/sota/project/stm_mtk3/include" -I"/home/sota/project/stm_mtk3/kernel/knlinc" -O0 -ffunction-sections -fdata-sections -Wall -fstack-usage -fcyclomatic-complexity -MMD -MP -MF"app_program/app_main.d" -MT"app_program/app_main.o" --specs=nano.specs -mfpu=fpv5-d16 -mfloat-abi=soft -mthumb -o "app_program/app_main.o"
arm-none-eabi-gcc "../.metadata/.plugins/org.eclipse.cdt.managedbuilder.core/spec.c" -mcpu=cortex-m7 -std=gnu99 -g3 -D_NUCLEO_H723_ -c -I"/home/sota/project/stm_mtk3/config" -I"/home/sota/project/stm_mtk3/include" -I"/home/sota/project/stm_mtk3/kernel/knlinc" -O0 -ffunction-sections -fdata-sections -Wall -fstack-usage -fcyclomatic-complexity -MMD -MP -MF".metadata/.plugins/org.eclipse.cdt.managedbuilder.core/spec.d" -MT".metadata/.plugins/org.eclipse.cdt.managedbuilder.core/spec.o" --specs=nano.specs -mfpu=fpv5-d16 -mfloat-abi=soft -mthumb -o ".metadata/.plugins/org.eclipse.cdt.managedbuilder.core/spec.o"
arm-none-eabi-gcc "../.metadata/.plugins/org.eclipse.cdt.make.core/specs.c" -mcpu=cortex-m7 -std=gnu99 -g3 -D_NUCLEO_H723_ -c -I"/home/sota/project/stm_mtk3/config" -I"/home/sota/project/stm_mtk3/include" -I"/home/sota/project/stm_mtk3/kernel/knlinc" -O0 -ffunction-sections -fdata-sections -Wall -fstack-usage -fcyclomatic-complexity -MMD -MP -MF".metadata/.plugins/org.eclipse.cdt.make.core/specs.d" -MT".metadata/.plugins/org.eclipse.cdt.make.core/specs.o" --specs=nano.specs -mfpu=fpv5-d16 -mfloat-abi=soft -mthumb -o ".metadata/.plugins/org.eclipse.cdt.make.core/specs.o"
arm-none-eabi-gcc -o "mtk3bsp_nucleo_stm32h723.elf" @"objects.list"   -mcpu=cortex-m7 -T"/home/sota/project/stm_mtk3/etc/linker/nucleo_h723/tkernel_map.ld" --specs=nosys.specs -Wl,-Map="mtk3bsp_nucleo_stm32h723.map" -nostartfiles -static --specs=nano.specs -mfpu=fpv5-d16 -mfloat-abi=soft -mthumb -Wl,--start-group -lc -lm -Wl,--end-group
Finished building target: mtk3bsp_nucleo_stm32h723.elf
 
arm-none-eabi-size   mtk3bsp_nucleo_stm32h723.elf 
arm-none-eabi-objdump -h -S  mtk3bsp_nucleo_stm32h723.elf  > "mtk3bsp_nucleo_stm32h723.list"
   text	   data	    bss	    dec	    hex	filename
  57308	     96	  10412	  67816	  108e8	mtk3bsp_nucleo_stm32h723.elf
Finished building: default.size.stdout
 
Finished building: mtk3bsp_nucleo_stm32h723.list
 
21:15:13 **** Incremental Build of configuration Debug for project mtk3bsp_nucleo_stm32h723 ****
make -j12 all 
arm-none-eabi-size   mtk3bsp_nucleo_stm32h723.elf 
   text	   data	    bss	    dec	    hex	filename
  57308	     96	  10412	  67816	  108e8	mtk3bsp_nucleo_stm32h723.elf
Finished building: default.size.stdout
 
21:27:19 **** Incremental Build of configuration Debug for project mtk3bsp_nucleo_stm32h723 ****
make -j12 all 
arm-none-eabi-size   mtk3bsp_nucleo_stm32h723.elf 
   text	   data	    bss	    dec	    hex	filename
  57308	     96	  10412	  67816	  108e8	mtk3bsp_nucleo_stm32h723.elf
Finished building: default.size.stdout
 
21:31:49 **** Incremental Build of configuration Debug for project mtk3bsp_nucleo_stm32h723 ****
make -j12 all 
arm-none-eabi-size   mtk3bsp_nucleo_stm32h723.elf 
   text	   data	    bss	    dec	    hex	filename
  57308	     96	  10412	  67816	  108e8	mtk3bsp_nucleo_stm32h723.elf
Finished building: default.size.stdout
 
